 uareuprint

 Timestamp is 5cf9bea8 (Fri Jun  7 09:32:24 2019)

 Preferred load address is 0000000180000000

 Start         Length     Name                   Class
 0001:00000000 0000b010H .text$mn                CODE
 0001:0000b010 00000020H .text$mn$00             CODE
 0001:0000b030 00000250H .text$x                 CODE
 0002:00000000 00000220H .idata$5                DATA
 0002:00000220 00000010H .00cfg                  DATA
 0002:00000230 00000008H .CRT$XCA                DATA
 0002:00000238 00000008H .CRT$XCZ                DATA
 0002:00000240 00000008H .CRT$XIA                DATA
 0002:00000248 00000018H .CRT$XIC                DATA
 0002:00000260 00000008H .CRT$XIZ                DATA
 0002:00000268 00000008H .CRT$XPA                DATA
 0002:00000270 00000010H .CRT$XPX                DATA
 0002:00000280 00000008H .CRT$XPXA               DATA
 0002:00000288 00000008H .CRT$XPZ                DATA
 0002:00000290 00000008H .CRT$XTA                DATA
 0002:00000298 00000008H .CRT$XTZ                DATA
 0002:000002a0 00000000H .gfids$y                DATA
 0002:000002a0 000071a0H .rdata                  DATA
 0002:00007440 00000000H .rdata$r                DATA
 0002:00007440 000002d0H .rdata$zzzdbg           DATA
 0002:00007710 00000008H .rtc$IAA                DATA
 0002:00007718 00000008H .rtc$IZZ                DATA
 0002:00007720 00000008H .rtc$TAA                DATA
 0002:00007728 00000008H .rtc$TZZ                DATA
 0002:00007730 00000ae8H .xdata                  DATA
 0002:00008218 00000000H .xdata$x                DATA
 0002:00008218 00000000H .didat$2                DATA
 0002:00008218 00000000H .didat$3                DATA
 0002:00008218 00000000H .didat$4                DATA
 0002:00008218 00000000H .didat$6                DATA
 0002:00008218 00000000H .didat$7                DATA
 0002:00008218 00000000H .edata                  DATA
 0002:00008218 00000014H .idata$2                DATA
 0002:0000822c 00000014H .idata$3                DATA
 0002:00008240 00000220H .idata$4                DATA
 0002:00008460 000004f6H .idata$6                DATA
 0003:00000000 000009e0H .data                   DATA
 0003:000009e0 00000000H .data$r                 DATA
 0003:000009e0 00000000H .didat$5                DATA
 0003:000009e0 00001200H .bss                    DATA
 0004:00000000 00000d5cH .pdata                  DATA
 0005:00000000 00000060H .rsrc$01                DATA
 0005:00000060 00000180H .rsrc$02                DATA

  Address         Publics by Value              Rva+Base               Lib:Object

 0000:00000000       __hybrid_code_map          0000000000000000     <absolute>
 0000:00000000       __hybrid_code_map_count    0000000000000000     <absolute>
 0000:00000000       __guard_fids_count         0000000000000000     <absolute>
 0000:00000000       __volatile_metadata        0000000000000000     <absolute>
 0000:00000000       __guard_longjmp_count      0000000000000000     <absolute>
 0000:00000000       __guard_longjmp_table      0000000000000000     <absolute>
 0000:00000000       __guard_iat_count          0000000000000000     <absolute>
 0000:00000000       __guard_iat_table          0000000000000000     <absolute>
 0000:00000000       ___safe_se_handler_count   0000000000000000     <absolute>
 0000:00000000       __enclave_config           0000000000000000     <absolute>
 0000:00000000       ___safe_se_handler_table   0000000000000000     <absolute>
 0000:00000000       __guard_fids_table         0000000000000000     <absolute>
 0000:00000000       __hybrid_auxiliary_iat     0000000000000000     <absolute>
 0000:00000000       __dynamic_value_reloc_table 0000000000000000     <absolute>
 0000:00000100       __guard_flags              0000000000000100     <absolute>
 0000:00000000       __ImageBase                0000000180000000     <linker-defined>
 0001:00000060       __security_check_cookie    0000000180001060 f   LIBCMT:amdsecgs.obj
 0001:000003b4       _DllMainCRTStartup         00000001800013b4 f   LIBCMT:dll_dllmain.obj
 0001:000003f4       __raise_securityfailure    00000001800013f4 f   LIBCMT:gs_report.obj
 0001:00000428       __report_gsfailure         0000000180001428 f   LIBCMT:gs_report.obj
 0001:000004fc       __report_rangecheckfailure 00000001800014fc f   LIBCMT:gs_report.obj
 0001:00000510       __report_securityfailure   0000000180001510 f   LIBCMT:gs_report.obj
 0001:00000690       __security_init_cookie     0000000180001690 f   LIBCMT:gs_support.obj
 0001:0000073c       DllMain                    000000018000173c f   LIBCMT:dll_dllmain_stub.obj
 0001:0000073c       _get_startup_argv_mode     000000018000173c f   LIBCMT:argv_mode.obj
 0001:00000744       ?__scrt_initialize_type_info@@YAXXZ 0000000180001744 f   LIBCMT:tncleanup.obj
 0001:00000754       ?__scrt_uninitialize_type_info@@YAXXZ 0000000180001754 f   LIBCMT:tncleanup.obj
 0001:00000760       __local_stdio_printf_options 0000000180001760 f i LIBCMT:default_local_stdio_options.obj
 0001:00000768       __local_stdio_scanf_options 0000000180001768 f i LIBCMT:default_local_stdio_options.obj
 0001:00000770       __scrt_initialize_default_local_stdio_options 0000000180001770 f   LIBCMT:default_local_stdio_options.obj
 0001:0000078c       __scrt_acquire_startup_lock 000000018000178c f   LIBCMT:utility.obj
 0001:000007c8       __scrt_dllmain_after_initialize_c 00000001800017c8 f   LIBCMT:utility.obj
 0001:000007fc       __scrt_dllmain_before_initialize_c 00000001800017fc f   LIBCMT:utility.obj
 0001:00000814       __scrt_dllmain_crt_thread_attach 0000000180001814 f   LIBCMT:utility.obj
 0001:0000083c       __scrt_dllmain_crt_thread_detach 000000018000183c f   LIBCMT:utility.obj
 0001:00000854       __scrt_dllmain_exception_filter 0000000180001854 f   LIBCMT:utility.obj
 0001:000008b4       __scrt_dllmain_uninitialize_c 00000001800018b4 f   LIBCMT:utility.obj
 0001:000008e4       __scrt_dllmain_uninitialize_critical 00000001800018e4 f   LIBCMT:utility.obj
 0001:000008f8       __scrt_initialize_crt      00000001800018f8 f   LIBCMT:utility.obj
 0001:00000944       __scrt_initialize_onexit_tables 0000000180001944 f   LIBCMT:utility.obj
 0001:00000a1c       __scrt_is_nonwritable_in_current_image 0000000180001a1c f   LIBCMT:utility.obj
 0001:00000ab8       __scrt_release_startup_lock 0000000180001ab8 f   LIBCMT:utility.obj
 0001:00000adc       __scrt_uninitialize_crt    0000000180001adc f   LIBCMT:utility.obj
 0001:00000b08       __scrt_get_dyn_tls_init_callback 0000000180001b08 f   LIBCMT:dyn_tls_init.obj
 0001:00000b10       __crt_debugger_hook        0000000180001b10 f   LIBCMT:utility_desktop.obj
 0001:00000b18       __scrt_fastfail            0000000180001b18 f   LIBCMT:utility_desktop.obj
 0001:00000c64       _RTC_Initialize            0000000180001c64 f   LIBCMT:initsect.obj
 0001:00000ca0       _RTC_Terminate             0000000180001ca0 f   LIBCMT:initsect.obj
 0001:00000cdc       _guard_check_icall_nop     0000000180001cdc f i LIBCMT:guard_support.obj
 0001:00000ce0       __isa_available_init       0000000180001ce0 f   LIBCMT:cpu_disp.obj
 0001:00000e9c       __scrt_is_ucrt_dll_in_use  0000000180001e9c f   LIBCMT:ucrt_detection.obj
 0001:00000eb0       __C_specific_handler       0000000180001eb0 f   libvcruntime:riscchandler.obj
 0001:000010bc       __std_type_info_destroy_list 00000001800020bc f   libvcruntime:std_type_info.obj
 0001:000010e8       __vcrt_initialize          00000001800020e8 f   libvcruntime:initialization.obj
 0001:0000111c       __vcrt_thread_attach       000000018000211c f   libvcruntime:initialization.obj
 0001:00001130       __vcrt_thread_detach       0000000180002130 f   libvcruntime:initialization.obj
 0001:00001144       __vcrt_uninitialize        0000000180002144 f   libvcruntime:initialization.obj
 0001:00001164       __vcrt_uninitialize_critical 0000000180002164 f   libvcruntime:initialization.obj
 0001:00001190       memset_repmovs             0000000180002190 f   libvcruntime:memset.obj
 0001:000011b0       memset                     00000001800021b0 f   libvcruntime:memset.obj
 0001:00001350       _NLG_Notify                0000000180002350 f   libvcruntime:notify.obj
 0001:00001370       __NLG_Dispatch2            0000000180002370 f   libvcruntime:notify.obj
 0001:00001380       __NLG_Return2              0000000180002380 f   libvcruntime:notify.obj
 0001:00001384       __except_validate_context_record 0000000180002384 f   libvcruntime:jbcxrval.obj
 0001:000013bc       __DestructExceptionObject  00000001800023bc f   libvcruntime:ehhelpers.obj
 0001:00001430       ?_CallMemberFunction0@@YAXQEAX0@Z 0000000180002430 f i libvcruntime:ehhelpers.obj
 0001:00001434       __vcrt_freefls             0000000180002434 f   libvcruntime:per_thread_data.obj
 0001:00001454       __vcrt_freeptd             0000000180002454 f   libvcruntime:per_thread_data.obj
 0001:000014a4       __vcrt_getptd_noexit       00000001800024a4 f   libvcruntime:per_thread_data.obj
 0001:00001570       __vcrt_initialize_ptd      0000000180002570 f   libvcruntime:per_thread_data.obj
 0001:000015c4       __vcrt_uninitialize_ptd    00000001800025c4 f   libvcruntime:per_thread_data.obj
 0001:000015e8       __vcrt_initialize_locks    00000001800025e8 f   libvcruntime:locks.obj
 0001:00001630       __vcrt_uninitialize_locks  0000000180002630 f   libvcruntime:locks.obj
 0001:00001840       __vcrt_FlsAlloc            0000000180002840 f   libvcruntime:winapi_downlevel.obj
 0001:00001888       __vcrt_FlsFree             0000000180002888 f   libvcruntime:winapi_downlevel.obj
 0001:000018d0       __vcrt_FlsGetValue         00000001800028d0 f   libvcruntime:winapi_downlevel.obj
 0001:00001918       __vcrt_FlsSetValue         0000000180002918 f   libvcruntime:winapi_downlevel.obj
 0001:0000196c       __vcrt_InitializeCriticalSectionEx 000000018000296c f   libvcruntime:winapi_downlevel.obj
 0001:000019d0       __vcrt_initialize_winapi_thunks 00000001800029d0 f   libvcruntime:winapi_downlevel.obj
 0001:00001a00       __vcrt_uninitialize_winapi_thunks 0000000180002a00 f   libvcruntime:winapi_downlevel.obj
 0001:00001a40       __vcrt_initialize_pure_virtual_call_handler 0000000180002a40 f   libvcruntime:purevirt_data.obj
 0001:00001a60       memcpy_repmovs             0000000180002a60 f   libvcruntime:memcpy.obj
 0001:00001a80       memcpy                     0000000180002a80 f   libvcruntime:memcpy.obj
 0001:00001a80       memmove                    0000000180002a80 f   libvcruntime:memcpy.obj
 0001:00001ed0       _CallSettingFrame          0000000180002ed0 f   libvcruntime:handlers.obj
 0001:00001f20       _CallSettingFrameEncoded   0000000180002f20 f   libvcruntime:handlers.obj
 0001:00001f68       ??0_LocaleUpdate@@QEAA@QEAU__crt_locale_pointers@@@Z 0000000180002f68 f i libucrt:stricmp.obj
 0001:00002004       __ascii_stricmp            0000000180003004 f   libucrt:stricmp.obj
 0001:00002044       _stricmp                   0000000180003044 f   libucrt:stricmp.obj
 0001:0000208c       _stricmp_l                 000000018000308c f   libucrt:stricmp.obj
 0001:00002140       __acrt_initialize_new_handler 0000000180003140 f   libucrt:new_handler.obj
 0001:00002148       _callnewh                  0000000180003148 f   libucrt:new_handler.obj
 0001:00002178       _query_new_handler         0000000180003178 f   libucrt:new_handler.obj
 0001:000021ac       _initterm                  00000001800031ac f   libucrt:initterm.obj
 0001:00002210       _initterm_e                0000000180003210 f   libucrt:initterm.obj
 0001:00002250       _seh_filter_dll            0000000180003250 f   libucrt:exception_filter.obj
 0001:00002264       _seh_filter_exe            0000000180003264 f   libucrt:exception_filter.obj
 0001:00002654       __acrt_initialize_thread_local_exit_callback 0000000180003654 f   libucrt:exit.obj
 0001:0000265c       _cexit                     000000018000365c f   libucrt:exit.obj
 0001:0000266c       _exit                      000000018000366c f   libucrt:exit.obj
 0001:00002678       _is_c_termination_complete 0000000180003678 f   libucrt:exit.obj
 0001:00002844       __acrt_allocate_buffer_for_argv 0000000180003844 f   libucrt:argv_parsing.obj
 0001:000028a4       _configure_narrow_argv     00000001800038a4 f   libucrt:argv_parsing.obj
 0001:00002c1c       __dcrt_uninitialize_environments_nolock 0000000180003c1c f   libucrt:environment_initialization.obj
 0001:00002c54       _initialize_narrow_environment 0000000180003c54 f   libucrt:environment_initialization.obj
 0001:00002db0       _execute_onexit_table      0000000180003db0 f   libucrt:onexit.obj
 0001:00002dec       _initialize_onexit_table   0000000180003dec f   libucrt:onexit.obj
 0001:00002e4c       __acrt_uninitialize_command_line 0000000180003e4c f   libucrt:argv_data.obj
 0001:00002f44       __acrt_initialize          0000000180003f44 f   libucrt:initialization.obj
 0001:00002f58       __acrt_thread_attach       0000000180003f58 f   libucrt:initialization.obj
 0001:00002f6c       __acrt_thread_detach       0000000180003f6c f   libucrt:initialization.obj
 0001:00002f7c       __acrt_uninitialize        0000000180003f7c f   libucrt:initialization.obj
 0001:00002fb4       __acrt_uninitialize_critical 0000000180003fb4 f   libucrt:initialization.obj
 0001:00002fc4       terminate                  0000000180003fc4 f   libucrt:terminate.obj
 0001:00002fe4       free                       0000000180003fe4 f   libucrt:free.obj
 0001:00002ff8       strcpy_s                   0000000180003ff8 f   libucrt:strcpy_s.obj
 0001:00003070       strncmp                    0000000180004070 f   libucrt:strncmp.obj
 0001:000030f0       abort                      00000001800040f0 f   libucrt:abort.obj
 0001:00003148       calloc                     0000000180004148 f   libucrt:calloc.obj
 0001:00003150       wcsncmp                    0000000180004150 f   libucrt:wcsncmp.obj
 0001:0000317c       __acrt_call_reportfault    000000018000417c f   libucrt:invalid_parameter.obj
 0001:000032d8       __acrt_initialize_invalid_parameter_handler 00000001800042d8 f   libucrt:invalid_parameter.obj
 0001:000032e0       _invalid_parameter         00000001800042e0 f   libucrt:invalid_parameter.obj
 0001:00003390       _invalid_parameter_noinfo  0000000180004390 f   libucrt:invalid_parameter.obj
 0001:000033b0       _invoke_watson             00000001800043b0 f   libucrt:invalid_parameter.obj
 0001:00003458       _tolower_l                 0000000180004458 f   libucrt:tolower_toupper.obj
 0001:00003598       __acrt_errno_from_os_error 0000000180004598 f   libucrt:errno.obj
 0001:000035e0       __acrt_errno_map_os_error  00000001800045e0 f   libucrt:errno.obj
 0001:00003630       __doserrno                 0000000180004630 f   libucrt:errno.obj
 0001:00003650       _errno                     0000000180004650 f   libucrt:errno.obj
 0001:000039e8       __acrt_freeptd             00000001800049e8 f   libucrt:per_thread_data.obj
 0001:00003a2c       __acrt_getptd              0000000180004a2c f   libucrt:per_thread_data.obj
 0001:00003b00       __acrt_getptd_head         0000000180004b00 f   libucrt:per_thread_data.obj
 0001:00003ba8       __acrt_getptd_noexit       0000000180004ba8 f   libucrt:per_thread_data.obj
 0001:00003c74       __acrt_initialize_ptd      0000000180004c74 f   libucrt:per_thread_data.obj
 0001:00003cb0       __acrt_uninitialize_ptd    0000000180004cb0 f   libucrt:per_thread_data.obj
 0001:00003cd4       __acrt_update_locale_info  0000000180004cd4 f   libucrt:locale_update.obj
 0001:00003d08       __acrt_update_multibyte_info 0000000180004d08 f   libucrt:locale_update.obj
 0001:00003dac       __acrt_set_locale_changed  0000000180004dac f   libucrt:wsetlocale.obj
 0001:00003db8       __acrt_uninitialize_locale 0000000180004db8 f   libucrt:wsetlocale.obj
 0001:00003de8       __acrt_initialize_locks    0000000180004de8 f   libucrt:locks.obj
 0001:00003e30       __acrt_lock                0000000180004e30 f   libucrt:locks.obj
 0001:00003e4c       __acrt_uninitialize_locks  0000000180004e4c f   libucrt:locks.obj
 0001:00003e84       __acrt_unlock              0000000180004e84 f   libucrt:locks.obj
 0001:00003ea0       _malloc_base               0000000180004ea0 f   libucrt:malloc_base.obj
 0001:00003f00       __acrt_get_process_end_policy 0000000180004f00 f   libucrt:win_policies.obj
 0001:00003f3c       _calloc_base               0000000180004f3c f   libucrt:calloc_base.obj
 0001:00003fb4       _free_base                 0000000180004fb4 f   libucrt:free_base.obj
 0001:00004008       ??$__acrt_mbs_to_wcs_cp@U__crt_win32_buffer_internal_dynamic_resizing@@@@YAHQEBDAEAV?$__crt_win32_buffer@_WU__crt_win32_buffer_internal_dynamic_resizing@@@@I@Z 0000000180005008 f i libucrt:argv_wildcards.obj
 0001:00004180       ??$__acrt_wcs_to_mbs_cp@U__crt_win32_buffer_internal_dynamic_resizing@@@@YAHQEB_WAEAV?$__crt_win32_buffer@DU__crt_win32_buffer_internal_dynamic_resizing@@@@I@Z 0000000180005180 f i libucrt:argv_wildcards.obj
 0001:000049b0       __acrt_expand_narrow_argv_wildcards 00000001800059b0 f   libucrt:argv_wildcards.obj
 0001:000049b8       ??$__acrt_wcs_to_mbs_cp@U__crt_win32_buffer_no_resizing@@@@YAHQEB_WAEAV?$__crt_win32_buffer@DU__crt_win32_buffer_no_resizing@@@@I@Z 00000001800059b8 f i libucrt:getmodulefilenamea.obj
 0001:00004acc       __acrt_GetModuleFileNameA  0000000180005acc f   libucrt:getmodulefilenamea.obj
 0001:00005318       __acrt_initialize_multibyte 0000000180006318 f   libucrt:mbctype.obj
 0001:00005378       __acrt_update_thread_multibyte_data 0000000180006378 f   libucrt:mbctype.obj
 0001:00005394       _setmbcp_nolock            0000000180006394 f   libucrt:mbctype.obj
 0001:000056c8       _ismbblead                 00000001800066c8 f   libucrt:ismbbyte.obj
 0001:000056dc       __acrt_initialize_command_line 00000001800066dc f   libucrt:argv_data.obj
 0001:00005704       __acrt_MultiByteToWideChar 0000000180006704 f   libucrt:multibytetowidechar.obj
 0001:00005760       __acrt_WideCharToMultiByte 0000000180006760 f   libucrt:widechartomultibyte.obj
 0001:000057f8       __dcrt_get_narrow_environment_from_os 00000001800067f8 f   libucrt:get_environment_from_os.obj
 0001:000058fc       _recalloc_base             00000001800068fc f   libucrt:recalloc.obj
 0001:00005b6c       __acrt_AppPolicyGetProcessTerminationMethodInternal 0000000180006b6c f   libucrt:winapi_thunks.obj
 0001:00005bbc       __acrt_AreFileApisANSI     0000000180006bbc f   libucrt:winapi_thunks.obj
 0001:00005bf8       __acrt_FlsAlloc            0000000180006bf8 f   libucrt:winapi_thunks.obj
 0001:00005c40       __acrt_FlsFree             0000000180006c40 f   libucrt:winapi_thunks.obj
 0001:00005c88       __acrt_FlsGetValue         0000000180006c88 f   libucrt:winapi_thunks.obj
 0001:00005cd0       __acrt_FlsSetValue         0000000180006cd0 f   libucrt:winapi_thunks.obj
 0001:00005d24       __acrt_InitializeCriticalSectionEx 0000000180006d24 f   libucrt:winapi_thunks.obj
 0001:00005d88       __acrt_LCMapStringEx       0000000180006d88 f   libucrt:winapi_thunks.obj
 0001:00005e64       __acrt_LocaleNameToLCID    0000000180006e64 f   libucrt:winapi_thunks.obj
 0001:00005eb4       __acrt_initialize_winapi_thunks 0000000180006eb4 f   libucrt:winapi_thunks.obj
 0001:00005ee8       __acrt_uninitialize_winapi_thunks 0000000180006ee8 f   libucrt:winapi_thunks.obj
 0001:00005f2c       __acrt_initialize_heap     0000000180006f2c f   libucrt:heap_handle.obj
 0001:00005f48       __acrt_uninitialize_heap   0000000180006f48 f   libucrt:heap_handle.obj
 0001:00006150       __acrt_initialize_lowio    0000000180007150 f   libucrt:ioinit.obj
 0001:0000618c       __acrt_uninitialize_lowio  000000018000718c f   libucrt:ioinit.obj
 0001:000061cc       __acrt_execute_initializers 00000001800071cc f   libucrt:shared_initialization.obj
 0001:0000624c       __acrt_execute_uninitializers 000000018000724c f   libucrt:shared_initialization.obj
 0001:000062d0       __acrt_get_sigabrt_handler 00000001800072d0 f   libucrt:signal.obj
 0001:00006300       __acrt_initialize_signal_handlers 0000000180007300 f   libucrt:signal.obj
 0001:00006320       raise                      0000000180007320 f   libucrt:signal.obj
 0001:0000658c       __acrt_has_user_matherr    000000018000758c f   libucrt:matherr.obj
 0001:000065ac       __acrt_initialize_user_matherr 00000001800075ac f   libucrt:matherr.obj
 0001:000065b4       __acrt_invoke_user_matherr 00000001800075b4 f   libucrt:matherr.obj
 0001:000067c0       __acrt_stdio_flush_nolock  00000001800077c0 f   libucrt:fflush.obj
 0001:0000683c       _fflush_nolock             000000018000783c f   libucrt:fflush.obj
 0001:00006888       _flushall                  0000000180007888 f   libucrt:fflush.obj
 0001:00006890       __acrt_initialize_stdio    0000000180007890 f   libucrt:_file.obj
 0001:000069b0       __acrt_uninitialize_stdio  00000001800079b0 f   libucrt:_file.obj
 0001:00006a0c       _lock_file                 0000000180007a0c f   libucrt:_file.obj
 0001:00006a18       _unlock_file               0000000180007a18 f   libucrt:_file.obj
 0001:00006a24       _mbtowc_l                  0000000180007a24 f   libucrt:mbtowc.obj
 0001:00006ba0       mbtowc                     0000000180007ba0 f   libucrt:mbtowc.obj
 0001:00006ba8       _fileno                    0000000180007ba8 f   libucrt:fileno.obj
 0001:00006bd0       __pctype_func              0000000180007bd0 f   libucrt:ctype.obj
 0001:00006c00       _isctype_l                 0000000180007c00 f   libucrt:isctype.obj
 0001:00006d10       _isleadbyte_l              0000000180007d10 f i libucrt:_wctype.obj
 0001:00007074       __acrt_LCMapStringA        0000000180008074 f   libucrt:lcmapstringa.obj
 0001:0000710c       __acrt_add_locale_ref      000000018000810c f   libucrt:locale_refcounting.obj
 0001:00007198       __acrt_free_locale         0000000180008198 f   libucrt:locale_refcounting.obj
 0001:00007310       __acrt_locale_add_lc_time_reference 0000000180008310 f   libucrt:locale_refcounting.obj
 0001:00007338       __acrt_locale_free_lc_time_if_unreferenced 0000000180008338 f   libucrt:locale_refcounting.obj
 0001:00007370       __acrt_locale_release_lc_time_reference 0000000180008370 f   libucrt:locale_refcounting.obj
 0001:00007398       __acrt_release_locale_ref  0000000180008398 f   libucrt:locale_refcounting.obj
 0001:00007440       __acrt_update_thread_locale_data 0000000180008440 f   libucrt:locale_refcounting.obj
 0001:000074b0       _updatetlocinfoEx_nolock   00000001800084b0 f   libucrt:locale_refcounting.obj
 0001:00007518       __acrt_locale_free_monetary 0000000180008518 f   libucrt:initmon.obj
 0001:00007624       __acrt_locale_free_numeric 0000000180008624 f   libucrt:initnum.obj
 0001:000076e8       __acrt_locale_free_time    00000001800086e8 f   libucrt:inittime.obj
 0001:000077f0       __acrt_GetStringTypeA      00000001800087f0 f   libucrt:getstringtypea.obj
 0001:00007980       _query_new_mode            0000000180008980 f   libucrt:new_mode.obj
 0001:00007990       qsort                      0000000180008990 f   libucrt:qsort.obj
 0001:00007d50       strncpy_s                  0000000180008d50 f   libucrt:strncpy_s.obj
 0001:00007ed0       strpbrk                    0000000180008ed0 f   libucrt:strpbrk.obj
 0001:000082b0       _mbsdec                    00000001800092b0 f   libucrt:mbsdec.obj
 0001:000082b8       _mbsdec_l                  00000001800092b8 f   libucrt:mbsdec.obj
 0001:00008364       _msize_base                0000000180009364 f   libucrt:msize.obj
 0001:000083a0       _realloc_base              00000001800093a0 f   libucrt:realloc_base.obj
 0001:00008504       __acrt_DownlevelLocaleNameToLCID 0000000180009504 f   libucrt:lcidtoname_downlevel.obj
 0001:00008538       __acrt_lowio_create_handle_array 0000000180009538 f   libucrt:osfinfo.obj
 0001:000085e0       __acrt_lowio_destroy_handle_array 00000001800095e0 f   libucrt:osfinfo.obj
 0001:00008630       __acrt_lowio_ensure_fh_exists 0000000180009630 f   libucrt:osfinfo.obj
 0001:000086d8       __acrt_lowio_lock_fh       00000001800096d8 f   libucrt:osfinfo.obj
 0001:00008700       __acrt_lowio_unlock_fh     0000000180009700 f   libucrt:osfinfo.obj
 0001:00008728       _free_osfhnd               0000000180009728 f   libucrt:osfinfo.obj
 0001:000087e4       _get_osfhandle             00000001800097e4 f   libucrt:osfinfo.obj
 0001:000088e8       _commit                    00000001800098e8 f   libucrt:commit.obj
 0001:000091e8       _write                     000000018000a1e8 f   libucrt:write.obj
 0001:000092d4       _write_nolock              000000018000a2d4 f   libucrt:write.obj
 0001:000095b0       _fcloseall                 000000018000a5b0 f   libucrt:closeall.obj
 0001:00009664       __acrt_stdio_free_buffer_nolock 000000018000a664 f   libucrt:_freebuf.obj
 0001:000096a4       _isatty                    000000018000a6a4 f   libucrt:isatty.obj
 0001:00009704       ?__mbrtowc_utf8@__crt_mbstring@@YA_KPEA_WPEBD_KPEAU_Mbstatet@@@Z 000000018000a704 f   libucrt:mbrtowc.obj
 0001:00009740       ?__mbsrtowcs_utf8@__crt_mbstring@@YA_KPEA_WPEAPEBD_KPEAU_Mbstatet@@@Z 000000018000a740 f   libucrt:mbrtowc.obj
 0001:000098b8       __strncnt                  000000018000a8b8 f   libucrt:strncnt.obj
 0001:000098d0       _query_app_type            000000018000a8d0 f   libucrt:report_runtime_error.obj
 0001:00009974       _lseeki64_nolock           000000018000a974 f   libucrt:lseek.obj
 0001:0000997c       _putwch_nolock             000000018000a97c f   libucrt:putwch.obj
 0001:000099b8       _fclose_nolock             000000018000a9b8 f   libucrt:fclose.obj
 0001:00009a3c       fclose                     000000018000aa3c f   libucrt:fclose.obj
 0001:00009aa0       ?__mbrtoc32_utf8@__crt_mbstring@@YA_KPEA_UPEBD_KPEAU_Mbstatet@@@Z 000000018000aaa0 f   libucrt:mbrtoc32.obj
 0001:00009c80       log10                      000000018000ac80 f   libucrt:log10.obj
 0001:0000a22c       __dcrt_lowio_ensure_console_output_initialized 000000018000b22c f   libucrt:initcon.obj
 0001:0000a280       __dcrt_terminate_console_output 000000018000b280 f   libucrt:initcon.obj
 0001:0000a29c       __dcrt_write_console       000000018000b29c f   libucrt:initcon.obj
 0001:0000a3d0       _close                     000000018000b3d0 f   libucrt:close.obj
 0001:0000a474       _close_nolock              000000018000b474 f   libucrt:close.obj
 0001:0000a534       ?__acrt_stdio_free_stream@@YAXV__crt_stdio_stream@@@Z 000000018000b534 f   libucrt:stream.obj
 0001:0000a674       _handle_error              000000018000b674 f   libucrt:libm_error.obj
 0001:0000a7a0       __acrt_initialize_fma3     000000018000b7a0 f   libucrt:fma3_available.obj
 0001:0000a810       _log10_special             000000018000b810 f   libucrt:log_special.obj
 0001:0000a8e0       _get_fpsr                  000000018000b8e0 f   libucrt:fpsr.obj
 0001:0000a8f0       _set_fpsr                  000000018000b8f0 f   libucrt:fpsr.obj
 0001:0000a8fa       _fclrf                     000000018000b8fa f   libucrt:fpsr.obj
 0001:0000a90e       _frnd                      000000018000b90e f   libucrt:fpsr.obj
 0001:0000a930       _raise_exc                 000000018000b930 f   libucrt:fpexcept.obj
 0001:0000a958       _raise_exc_ex              000000018000b958 f   libucrt:fpexcept.obj
 0001:0000ac68       _set_errno_from_matherr    000000018000bc68 f   libucrt:fpexcept.obj
 0001:0000ac98       _clrfp                     000000018000bc98 f   libucrt:fpctrl.obj
 0001:0000acb8       _ctrlfp                    000000018000bcb8 f   libucrt:fpctrl.obj
 0001:0000ad34       _set_statfp                000000018000bd34 f   libucrt:fpctrl.obj
 0001:0000ad54       _statfp                    000000018000bd54 f   libucrt:fpctrl.obj
 0001:0000ad65       IsProcessorFeaturePresent  000000018000bd65 f   kernel32:KERNEL32.dll
 0001:0000ad70       _FindPESection             000000018000bd70 f   LIBCMT:pesect.obj
 0001:0000adc0       _IsNonwritableInCurrentImage 000000018000bdc0 f   LIBCMT:pesect.obj
 0001:0000ae10       _ValidateImageBase         000000018000be10 f   LIBCMT:pesect.obj
 0001:0000ae40       __GSHandlerCheck           000000018000be40 f   LIBCMT:gshandler.obj
 0001:0000ae60       __GSHandlerCheckCommon     000000018000be60 f   LIBCMT:gshandler.obj
 0001:0000aed0       _alloca_probe              000000018000bed0 f   LIBCMT:chkstk.obj
 0001:0000aed0       __chkstk                   000000018000bed0 f   LIBCMT:chkstk.obj
 0001:0000af40       memcmp                     000000018000bf40 f   libvcruntime:memcmp.obj
 0001:0000b020       _guard_dispatch_icall_nop  000000018000c020 f   LIBCMT:guard_dispatch.obj
 0002:00000000       __imp_GetModuleHandleA     000000018000d000     kernel32:KERNEL32.dll
 0002:00000008       __imp_RtlCaptureContext    000000018000d008     kernel32:KERNEL32.dll
 0002:00000010       __imp_RtlLookupFunctionEntry 000000018000d010     kernel32:KERNEL32.dll
 0002:00000018       __imp_RtlVirtualUnwind     000000018000d018     kernel32:KERNEL32.dll
 0002:00000020       __imp_UnhandledExceptionFilter 000000018000d020     kernel32:KERNEL32.dll
 0002:00000028       __imp_SetUnhandledExceptionFilter 000000018000d028     kernel32:KERNEL32.dll
 0002:00000030       __imp_GetCurrentProcess    000000018000d030     kernel32:KERNEL32.dll
 0002:00000038       __imp_TerminateProcess     000000018000d038     kernel32:KERNEL32.dll
 0002:00000040       __imp_IsProcessorFeaturePresent 000000018000d040     kernel32:KERNEL32.dll
 0002:00000048       __imp_QueryPerformanceCounter 000000018000d048     kernel32:KERNEL32.dll
 0002:00000050       __imp_GetCurrentProcessId  000000018000d050     kernel32:KERNEL32.dll
 0002:00000058       __imp_GetCurrentThreadId   000000018000d058     kernel32:KERNEL32.dll
 0002:00000060       __imp_GetSystemTimeAsFileTime 000000018000d060     kernel32:KERNEL32.dll
 0002:00000068       __imp_InitializeSListHead  000000018000d068     kernel32:KERNEL32.dll
 0002:00000070       __imp_IsDebuggerPresent    000000018000d070     kernel32:KERNEL32.dll
 0002:00000078       __imp_GetStartupInfoW      000000018000d078     kernel32:KERNEL32.dll
 0002:00000080       __imp_GetModuleHandleW     000000018000d080     kernel32:KERNEL32.dll
 0002:00000088       __imp_RtlUnwindEx          000000018000d088     kernel32:KERNEL32.dll
 0002:00000090       __imp_RaiseException       000000018000d090     kernel32:KERNEL32.dll
 0002:00000098       __imp_InterlockedFlushSList 000000018000d098     kernel32:KERNEL32.dll
 0002:000000a0       __imp_GetLastError         000000018000d0a0     kernel32:KERNEL32.dll
 0002:000000a8       __imp_SetLastError         000000018000d0a8     kernel32:KERNEL32.dll
 0002:000000b0       __imp_EnterCriticalSection 000000018000d0b0     kernel32:KERNEL32.dll
 0002:000000b8       __imp_LeaveCriticalSection 000000018000d0b8     kernel32:KERNEL32.dll
 0002:000000c0       __imp_DeleteCriticalSection 000000018000d0c0     kernel32:KERNEL32.dll
 0002:000000c8       __imp_InitializeCriticalSectionAndSpinCount 000000018000d0c8     kernel32:KERNEL32.dll
 0002:000000d0       __imp_TlsAlloc             000000018000d0d0     kernel32:KERNEL32.dll
 0002:000000d8       __imp_TlsGetValue          000000018000d0d8     kernel32:KERNEL32.dll
 0002:000000e0       __imp_TlsSetValue          000000018000d0e0     kernel32:KERNEL32.dll
 0002:000000e8       __imp_TlsFree              000000018000d0e8     kernel32:KERNEL32.dll
 0002:000000f0       __imp_FreeLibrary          000000018000d0f0     kernel32:KERNEL32.dll
 0002:000000f8       __imp_GetProcAddress       000000018000d0f8     kernel32:KERNEL32.dll
 0002:00000100       __imp_LoadLibraryExW       000000018000d100     kernel32:KERNEL32.dll
 0002:00000108       __imp_ExitProcess          000000018000d108     kernel32:KERNEL32.dll
 0002:00000110       __imp_GetModuleHandleExW   000000018000d110     kernel32:KERNEL32.dll
 0002:00000118       __imp_GetModuleFileNameW   000000018000d118     kernel32:KERNEL32.dll
 0002:00000120       __imp_HeapAlloc            000000018000d120     kernel32:KERNEL32.dll
 0002:00000128       __imp_HeapFree             000000018000d128     kernel32:KERNEL32.dll
 0002:00000130       __imp_FindClose            000000018000d130     kernel32:KERNEL32.dll
 0002:00000138       __imp_FindFirstFileExW     000000018000d138     kernel32:KERNEL32.dll
 0002:00000140       __imp_FindNextFileW        000000018000d140     kernel32:KERNEL32.dll
 0002:00000148       __imp_IsValidCodePage      000000018000d148     kernel32:KERNEL32.dll
 0002:00000150       __imp_GetACP               000000018000d150     kernel32:KERNEL32.dll
 0002:00000158       __imp_GetOEMCP             000000018000d158     kernel32:KERNEL32.dll
 0002:00000160       __imp_GetCPInfo            000000018000d160     kernel32:KERNEL32.dll
 0002:00000168       __imp_GetCommandLineA      000000018000d168     kernel32:KERNEL32.dll
 0002:00000170       __imp_GetCommandLineW      000000018000d170     kernel32:KERNEL32.dll
 0002:00000178       __imp_MultiByteToWideChar  000000018000d178     kernel32:KERNEL32.dll
 0002:00000180       __imp_WideCharToMultiByte  000000018000d180     kernel32:KERNEL32.dll
 0002:00000188       __imp_GetEnvironmentStringsW 000000018000d188     kernel32:KERNEL32.dll
 0002:00000190       __imp_FreeEnvironmentStringsW 000000018000d190     kernel32:KERNEL32.dll
 0002:00000198       __imp_LCMapStringW         000000018000d198     kernel32:KERNEL32.dll
 0002:000001a0       __imp_GetProcessHeap       000000018000d1a0     kernel32:KERNEL32.dll
 0002:000001a8       __imp_GetStdHandle         000000018000d1a8     kernel32:KERNEL32.dll
 0002:000001b0       __imp_GetFileType          000000018000d1b0     kernel32:KERNEL32.dll
 0002:000001b8       __imp_GetStringTypeW       000000018000d1b8     kernel32:KERNEL32.dll
 0002:000001c0       __imp_HeapSize             000000018000d1c0     kernel32:KERNEL32.dll
 0002:000001c8       __imp_HeapReAlloc          000000018000d1c8     kernel32:KERNEL32.dll
 0002:000001d0       __imp_SetStdHandle         000000018000d1d0     kernel32:KERNEL32.dll
 0002:000001d8       __imp_FlushFileBuffers     000000018000d1d8     kernel32:KERNEL32.dll
 0002:000001e0       __imp_WriteFile            000000018000d1e0     kernel32:KERNEL32.dll
 0002:000001e8       __imp_GetConsoleCP         000000018000d1e8     kernel32:KERNEL32.dll
 0002:000001f0       __imp_GetConsoleMode       000000018000d1f0     kernel32:KERNEL32.dll
 0002:000001f8       __imp_SetFilePointerEx     000000018000d1f8     kernel32:KERNEL32.dll
 0002:00000200       __imp_CreateFileW          000000018000d200     kernel32:KERNEL32.dll
 0002:00000208       __imp_CloseHandle          000000018000d208     kernel32:KERNEL32.dll
 0002:00000210       __imp_WriteConsoleW        000000018000d210     kernel32:KERNEL32.dll
 0002:00000218       \177KERNEL32_NULL_THUNK_DATA 000000018000d218     kernel32:KERNEL32.dll
 0002:00000220       __guard_check_icall_fptr   000000018000d220     LIBCMT:guard_support.obj
 0002:00000228       __guard_dispatch_icall_fptr 000000018000d228     LIBCMT:guard_support.obj
 0002:00000230       __xc_a                     000000018000d230     LIBCMT:initializers.obj
 0002:00000238       __xc_z                     000000018000d238     LIBCMT:initializers.obj
 0002:00000240       __xi_a                     000000018000d240     LIBCMT:initializers.obj
 0002:00000248       __acrt_multibyte_initializer 000000018000d248     libucrt:multibyte_initializer.obj
 0002:00000250       __acrt_stdio_initializer   000000018000d250     libucrt:stdio_initializer.obj
 0002:00000258       __acrt_tran_fma3_initializer 000000018000d258     libucrt:fma3_initializer.obj
 0002:00000260       __xi_z                     000000018000d260     LIBCMT:initializers.obj
 0002:00000268       __xp_a                     000000018000d268     LIBCMT:initializers.obj
 0002:00000270       __acrt_locale_terminator   000000018000d270     libucrt:locale_initializer.obj
 0002:00000278       __dcrt_console_output_terminator 000000018000d278     libucrt:console_output_initializer.obj
 0002:00000280       __acrt_stdio_terminator    000000018000d280     libucrt:stdio_initializer.obj
 0002:00000288       __xp_z                     000000018000d288     LIBCMT:initializers.obj
 0002:00000290       __xt_a                     000000018000d290     LIBCMT:initializers.obj
 0002:00000298       __xt_z                     000000018000d298     LIBCMT:initializers.obj
 0002:000002a0       _pRawDllMain               000000018000d2a0     LIBCMT:dll_dllmain.obj
 0002:000002a0       _pDefaultRawDllMain        000000018000d2a0     LIBCMT:dll_dllmain.obj
 0002:000002b8       _pDestructExceptionObject  000000018000d2b8     libvcruntime:ehhelpers.obj
 0002:000005f8       ??_C@_08EHJDFFNH@__based?$CI@ 000000018000d5f8     libvcruntime:undname.obj
 0002:00000608       ??_C@_07KOLFKCDI@__cdecl@  000000018000d608     libvcruntime:undname.obj
 0002:00000610       ??_C@_08GHMPAG@__pascal@   000000018000d610     libvcruntime:undname.obj
 0002:00000620       ??_C@_09IFJBGAPI@__stdcall@ 000000018000d620     libvcruntime:undname.obj
 0002:00000630       ??_C@_0L@NPHFGOKO@__thiscall@ 000000018000d630     libvcruntime:undname.obj
 0002:00000640       ??_C@_0L@JMKHOMEK@__fastcall@ 000000018000d640     libvcruntime:undname.obj
 0002:00000650       ??_C@_0N@BCKKPABJ@__vectorcall@ 000000018000d650     libvcruntime:undname.obj
 0002:00000660       ??_C@_09HIJEGCPM@__clrcall@ 000000018000d660     libvcruntime:undname.obj
 0002:0000066c       ??_C@_06GHPCKEAG@__eabi@   000000018000d66c     libvcruntime:undname.obj
 0002:00000678       ??_C@_09IOPIDJLG@__swift_1@ 000000018000d678     libvcruntime:undname.obj
 0002:00000688       ??_C@_09KFNFGKHF@__swift_2@ 000000018000d688     libvcruntime:undname.obj
 0002:00000698       ??_C@_07JOMMBBKO@__ptr64@  000000018000d698     libvcruntime:undname.obj
 0002:000006a0       ??_C@_0L@PILCLIHE@__restrict@ 000000018000d6a0     libvcruntime:undname.obj
 0002:000006b0       ??_C@_0M@GFIIJFMG@__unaligned@ 000000018000d6b0     libvcruntime:undname.obj
 0002:000006c0       ??_C@_09DHDLOLLB@restrict?$CI@ 000000018000d6c0     libvcruntime:undname.obj
 0002:000006ca       ??_C@_00CNPNBAHC@@         000000018000d6ca     libvcruntime:undname.obj
 0002:000006cc       ??_C@_04NIHEBCM@?5new@     000000018000d6cc     libvcruntime:undname.obj
 0002:000006d8       ??_C@_07FPCDHGMM@?5delete@ 000000018000d6d8     libvcruntime:undname.obj
 0002:000006e0       ??_C@_01NEMOKFLO@?$DN@     000000018000d6e0     libvcruntime:undname.obj
 0002:000006e4       ??_C@_02GPIOPFAK@?$DO?$DO@ 000000018000d6e4     libvcruntime:undname.obj
 0002:000006e8       ??_C@_02FODMEDOG@?$DM?$DM@ 000000018000d6e8     libvcruntime:undname.obj
 0002:000006ec       ??_C@_01DCLJPIOD@?$CB@     000000018000d6ec     libvcruntime:undname.obj
 0002:000006f0       ??_C@_02EGOFBIJA@?$DN?$DN@ 000000018000d6f0     libvcruntime:undname.obj
 0002:000006f4       ??_C@_02FDNJECIE@?$CB?$DN@ 000000018000d6f4     libvcruntime:undname.obj
 0002:000006f8       ??_C@_02GPECMEKF@?$FL?$FN@ 000000018000d6f8     libvcruntime:undname.obj
 0002:00000700       ??_C@_08LHJFAFGD@operator@ 000000018000d700     libvcruntime:undname.obj
 0002:0000070c       ??_C@_02HBOOOICD@?9?$DO@   000000018000d70c     libvcruntime:undname.obj
 0002:00000710       ??_C@_01NBENCBCI@?$CK@     000000018000d710     libvcruntime:undname.obj
 0002:00000714       ??_C@_02ECNGHCIF@?$CL?$CL@ 000000018000d714     libvcruntime:undname.obj
 0002:00000718       ??_C@_02BAABKJLB@?9?9@     000000018000d718     libvcruntime:undname.obj
 0002:0000071c       ??_C@_01JOAMLHOP@?9@       000000018000d71c     libvcruntime:undname.obj
 0002:00000720       ??_C@_01MIFGBAGJ@?$CL@     000000018000d720     libvcruntime:undname.obj
 0002:00000724       ??_C@_01HNPIGOCE@?$CG@     000000018000d724     libvcruntime:undname.obj
 0002:00000728       ??_C@_03MNHNFDLC@?9?$DO?$CK@ 000000018000d728     libvcruntime:undname.obj
 0002:0000072c       ??_C@_01KMDKNFGN@?1@       000000018000d72c     libvcruntime:undname.obj
 0002:00000730       ??_C@_01FGNFDNOH@?$CF@     000000018000d730     libvcruntime:undname.obj
 0002:00000734       ??_C@_01MNNFJEPP@?$DM@     000000018000d734     libvcruntime:undname.obj
 0002:00000738       ??_C@_02EHCHHCKH@?$DM?$DN@ 000000018000d738     libvcruntime:undname.obj
 0002:0000073c       ??_C@_01PPODPGHN@?$DO@     000000018000d73c     libvcruntime:undname.obj
 0002:00000740       ??_C@_02EEKDKGMJ@?$DO?$DN@ 000000018000d740     libvcruntime:undname.obj
 0002:00000744       ??_C@_01IHBHIGKO@?0@       000000018000d744     libvcruntime:undname.obj
 0002:00000748       ??_C@_02HCKGKOFO@?$CI?$CJ@ 000000018000d748     libvcruntime:undname.obj
 0002:0000074c       ??_C@_01PJKLJHI@?$HO@      000000018000d74c     libvcruntime:undname.obj
 0002:00000750       ??_C@_01JKBOJNNK@?$FO@     000000018000d750     libvcruntime:undname.obj
 0002:00000754       ??_C@_01DNKMNLPK@?$HM@     000000018000d754     libvcruntime:undname.obj
 0002:00000758       ??_C@_02PPKAJPJL@?$CG?$CG@ 000000018000d758     libvcruntime:undname.obj
 0002:0000075c       ??_C@_02NONPIBCD@?$HM?$HM@ 000000018000d75c     libvcruntime:undname.obj
 0002:00000760       ??_C@_02FPIMKNGF@?$CK?$DN@ 000000018000d760     libvcruntime:undname.obj
 0002:00000764       ??_C@_02FOEOMHFC@?$CL?$DN@ 000000018000d764     libvcruntime:undname.obj
 0002:00000768       ??_C@_02FKMDLLOA@?9?$DN@   000000018000d768     libvcruntime:undname.obj
 0002:0000076c       ??_C@_02FJEHGPIO@?1?$DN@   000000018000d76c     libvcruntime:undname.obj
 0002:00000770       ??_C@_02FENAOKFI@?$CF?$DN@ 000000018000d770     libvcruntime:undname.obj
 0002:00000774       ??_C@_03IKFCCPFF@?$DO?$DO?$DN@ 000000018000d774     libvcruntime:undname.obj
 0002:00000778       ??_C@_03CDNPDDLA@?$DM?$DM?$DN@ 000000018000d778     libvcruntime:undname.obj
 0002:0000077c       ??_C@_02FGJGFEAB@?$CG?$DN@ 000000018000d77c     libvcruntime:undname.obj
 0002:00000780       ??_C@_02DHLNPPGH@?$HM?$DN@ 000000018000d780     libvcruntime:undname.obj
 0002:00000784       ??_C@_02MHEGNOJ@?$FO?$DN@  000000018000d784     libvcruntime:undname.obj
 0002:00000788       ??_C@_09IFPLHPGF@?$GAvftable?8@ 000000018000d788     libvcruntime:undname.obj
 0002:00000798       ??_C@_09BLBHBJP@?$GAvbtable?8@ 000000018000d798     libvcruntime:undname.obj
 0002:000007a8       ??_C@_07FEEIOKP@?$GAvcall?8@ 000000018000d7a8     libvcruntime:undname.obj
 0002:000007b0       ??_C@_08LLFFHHDJ@?$GAtypeof?8@ 000000018000d7b0     libvcruntime:undname.obj
 0002:000007c0       ??_C@_0BF@KDPPACIK@?$GAlocal?5static?5guard?8@ 000000018000d7c0     libvcruntime:undname.obj
 0002:000007d8       ??_C@_08OBABFOLI@?$GAstring?8@ 000000018000d7d8     libvcruntime:undname.obj
 0002:000007e8       ??_C@_0BD@JDLKDPAB@?$GAvbase?5destructor?8@ 000000018000d7e8     libvcruntime:undname.obj
 0002:00000800       ??_C@_0BN@DEGPLNFK@?$GAvector?5deleting?5destructor?8@ 000000018000d800     libvcruntime:undname.obj
 0002:00000820       ??_C@_0BO@OBMKPJIG@?$GAdefault?5constructor?5closure?8@ 000000018000d820     libvcruntime:undname.obj
 0002:00000840       ??_C@_0BN@IMDCHIKM@?$GAscalar?5deleting?5destructor?8@ 000000018000d840     libvcruntime:undname.obj
 0002:00000860       ??_C@_0BO@PFGOCPJJ@?$GAvector?5constructor?5iterator?8@ 000000018000d860     libvcruntime:undname.obj
 0002:00000880       ??_C@_0BN@LFPFMEDL@?$GAvector?5destructor?5iterator?8@ 000000018000d880     libvcruntime:undname.obj
 0002:000008a0       ??_C@_0CE@IKBNEHA@?$GAvector?5vbase?5constructor?5itera@ 000000018000d8a0     libvcruntime:undname.obj
 0002:000008c8       ??_C@_0BL@NILFHHPC@?$GAvirtual?5displacement?5map?8@ 000000018000d8c8     libvcruntime:undname.obj
 0002:000008e8       ??_C@_0CB@JONCMFFK@?$GAeh?5vector?5constructor?5iterator@ 000000018000d8e8     libvcruntime:undname.obj
 0002:00000910       ??_C@_0CA@GCEOPDGL@?$GAeh?5vector?5destructor?5iterator?8@ 000000018000d910     libvcruntime:undname.obj
 0002:00000930       ??_C@_0CH@OOJPLCPH@?$GAeh?5vector?5vbase?5constructor?5it@ 000000018000d930     libvcruntime:undname.obj
 0002:00000958       ??_C@_0BL@LLKPOHJI@?$GAcopy?5constructor?5closure?8@ 000000018000d958     libvcruntime:undname.obj
 0002:00000978       ??_C@_0BA@KBCDOMBN@?$GAudt?5returning?8@ 000000018000d978     libvcruntime:undname.obj
 0002:00000988       ??_C@_03KLGMFNMG@?$GAEH@   000000018000d988     libvcruntime:undname.obj
 0002:0000098c       ??_C@_05KHLCHHI@?$GARTTI@  000000018000d98c     libvcruntime:undname.obj
 0002:00000998       ??_C@_0BA@KKLDJDLB@?$GAlocal?5vftable?8@ 000000018000d998     libvcruntime:undname.obj
 0002:000009a8       ??_C@_0CE@IIHCMGGL@?$GAlocal?5vftable?5constructor?5clos@ 000000018000d9a8     libvcruntime:undname.obj
 0002:000009cc       ??_C@_06FHBGPFGH@?5new?$FL?$FN@ 000000018000d9cc     libvcruntime:undname.obj
 0002:000009d8       ??_C@_09LBNFPBCA@?5delete?$FL?$FN@ 000000018000d9d8     libvcruntime:undname.obj
 0002:000009e8       ??_C@_0P@HJKNJFNN@?$GAomni?5callsig?8@ 000000018000d9e8     libvcruntime:undname.obj
 0002:000009f8       ??_C@_0BL@CNOONJFP@?$GAplacement?5delete?5closure?8@ 000000018000d9f8     libvcruntime:undname.obj
 0002:00000a18       ??_C@_0BN@CKNJLHMB@?$GAplacement?5delete?$FL?$FN?5closure?8@ 000000018000da18     libvcruntime:undname.obj
 0002:00000a38       ??_C@_0CG@CFDHKGGD@?$GAmanaged?5vector?5constructor?5ite@ 000000018000da38     libvcruntime:undname.obj
 0002:00000a60       ??_C@_0CF@IMGKMJNO@?$GAmanaged?5vector?5destructor?5iter@ 000000018000da60     libvcruntime:undname.obj
 0002:00000a88       ??_C@_0CG@HLDDJMAG@?$GAeh?5vector?5copy?5constructor?5ite@ 000000018000da88     libvcruntime:undname.obj
 0002:00000ab0       ??_C@_0CM@FCBBDIGB@?$GAeh?5vector?5vbase?5copy?5construct@ 000000018000dab0     libvcruntime:undname.obj
 0002:00000ae0       ??_C@_0BL@CLIPGLGB@?$GAdynamic?5initializer?5for?5?8@ 000000018000dae0     libvcruntime:undname.obj
 0002:00000b00       ??_C@_0CB@PDBIFEP@?$GAdynamic?5atexit?5destructor?5for?5@ 000000018000db00     libvcruntime:undname.obj
 0002:00000b28       ??_C@_0CD@CGAJBKEJ@?$GAvector?5copy?5constructor?5iterat@ 000000018000db28     libvcruntime:undname.obj
 0002:00000b50       ??_C@_0CJ@GJELGAMM@?$GAvector?5vbase?5copy?5constructor?5@ 000000018000db50     libvcruntime:undname.obj
 0002:00000b80       ??_C@_0CL@FGIJHLCE@?$GAmanaged?5vector?5copy?5constructo@ 000000018000db80     libvcruntime:undname.obj
 0002:00000bb0       ??_C@_0BM@PMGGMLDN@?$GAlocal?5static?5thread?5guard?8@ 000000018000dbb0     libvcruntime:undname.obj
 0002:00000bd0       ??_C@_0N@BDNMDMOL@operator?5?$CC?$CC?5@ 000000018000dbd0     libvcruntime:undname.obj
 0002:00000be0       ??_C@_0BC@GGEBGALA@operator?5co_await@ 000000018000dbe0     libvcruntime:undname.obj
 0002:00000bf8       ??_C@_0BC@DAFEJGAK@?5Type?5Descriptor?8@ 000000018000dbf8     libvcruntime:undname.obj
 0002:00000c10       ??_C@_0BM@LDKODKLH@?5Base?5Class?5Descriptor?5at?5?$CI@ 000000018000dc10     libvcruntime:undname.obj
 0002:00000c30       ??_C@_0BD@LGICGFMM@?5Base?5Class?5Array?8@ 000000018000dc30     libvcruntime:undname.obj
 0002:00000c48       ??_C@_0BN@MECKDCOJ@?5Class?5Hierarchy?5Descriptor?8@ 000000018000dc48     libvcruntime:undname.obj
 0002:00000c68       ??_C@_0BK@CFCOFLF@?5Complete?5Object?5Locator?8@ 000000018000dc68     libvcruntime:undname.obj
 0002:00000ca0       ??_C@_1DM@KHCHBNEB@?$AAa?$AAp?$AAi?$AA?9?$AAm?$AAs?$AA?9?$AAw?$AAi?$AAn?$AA?9?$AAc?$AAo?$AAr?$AAe@ 000000018000dca0     libvcruntime:winapi_downlevel.obj
 0002:00000ce0       ??_C@_1DK@LPPGFMPP@?$AAa?$AAp?$AAi?$AA?9?$AAm?$AAs?$AA?9?$AAw?$AAi?$AAn?$AA?9?$AAc?$AAo?$AAr?$AAe@ 000000018000dce0     libvcruntime:winapi_downlevel.obj
 0002:00000d20       ??_C@_1BC@GDMECMAK@?$AAk?$AAe?$AAr?$AAn?$AAe?$AAl?$AA3?$AA2@ 000000018000dd20     libvcruntime:winapi_downlevel.obj
 0002:00000d38       ??_C@_1BA@PFFKHIOG@?$AAa?$AAp?$AAi?$AA?9?$AAm?$AAs?$AA?9@ 000000018000dd38     libvcruntime:winapi_downlevel.obj
 0002:00000d48       ??_C@_1BA@IAIFMGEF@?$AAe?$AAx?$AAt?$AA?9?$AAm?$AAs?$AA?9@ 000000018000dd48     libvcruntime:winapi_downlevel.obj
 0002:00000d60       ??_C@_08KNHFBNJ@FlsAlloc@  000000018000dd60     libvcruntime:winapi_downlevel.obj
 0002:00000d78       ??_C@_07PEJMOBNF@FlsFree@  000000018000dd78     libvcruntime:winapi_downlevel.obj
 0002:00000d88       ??_C@_0M@GDNOONDI@FlsGetValue@ 000000018000dd88     libvcruntime:winapi_downlevel.obj
 0002:00000da0       ??_C@_0M@JCPCPOEF@FlsSetValue@ 000000018000dda0     libvcruntime:winapi_downlevel.obj
 0002:00000db8       ??_C@_0BM@HCFOFFN@InitializeCriticalSectionEx@ 000000018000ddb8     libvcruntime:winapi_downlevel.obj
 0002:00000de0       __acrt_exception_action_table 000000018000dde0     libucrt:exception_filter.obj
 0002:00000ea0       __acrt_signal_action_table_count 000000018000dea0     libucrt:exception_filter.obj
 0002:00000ea8       __acrt_signal_action_first_fpe_index 000000018000dea8     libucrt:exception_filter.obj
 0002:00000eb0       __acrt_signal_action_fpe_count 000000018000deb0     libucrt:exception_filter.obj
 0002:00000eb8       ??_C@_1BI@BGOHAHKC@?$AAm?$AAs?$AAc?$AAo?$AAr?$AAe?$AAe?$AA?4?$AAd?$AAl?$AAl?$AA?$AA@ 000000018000deb8     libucrt:exit.obj
 0002:00000ed0       ??_C@_0P@MIGLKIOC@CorExitProcess?$AA@ 000000018000ded0     libucrt:exit.obj
 0002:00001150       __lc_time_c                000000018000e150     libucrt:nlsdata.obj
 0002:00001410       ??_C@_03KOEHGMDN@Sun?$AA@  000000018000e410     libucrt:nlsdata.obj
 0002:00001414       ??_C@_03PDAGKDH@Mon?$AA@   000000018000e414     libucrt:nlsdata.obj
 0002:00001418       ??_C@_03NAGEINEP@Tue?$AA@  000000018000e418     libucrt:nlsdata.obj
 0002:0000141c       ??_C@_03MHOMLAJA@Wed?$AA@  000000018000e41c     libucrt:nlsdata.obj
 0002:00001420       ??_C@_03IOFIKPDN@Thu?$AA@  000000018000e420     libucrt:nlsdata.obj
 0002:00001424       ??_C@_03IDIOELNC@Fri?$AA@  000000018000e424     libucrt:nlsdata.obj
 0002:00001428       ??_C@_03FEFJNEK@Sat?$AA@   000000018000e428     libucrt:nlsdata.obj
 0002:0000142c       ??_C@_06OOPIFAJ@Sunday?$AA@ 000000018000e42c     libucrt:nlsdata.obj
 0002:00001434       ??_C@_06JLEDEDGH@Monday?$AA@ 000000018000e434     libucrt:nlsdata.obj
 0002:00001440       ??_C@_07BAAGCFCM@Tuesday?$AA@ 000000018000e440     libucrt:nlsdata.obj
 0002:00001448       ??_C@_09DLIGFAKA@Wednesday?$AA@ 000000018000e448     libucrt:nlsdata.obj
 0002:00001458       ??_C@_08HACCIKIA@Thursday?$AA@ 000000018000e458     libucrt:nlsdata.obj
 0002:00001464       ??_C@_06JECMNKMI@Friday?$AA@ 000000018000e464     libucrt:nlsdata.obj
 0002:00001470       ??_C@_08INBOOONO@Saturday?$AA@ 000000018000e470     libucrt:nlsdata.obj
 0002:0000147c       ??_C@_03JIHJHPIE@Jan?$AA@  000000018000e47c     libucrt:nlsdata.obj
 0002:00001480       ??_C@_03HJBDCHOM@Feb?$AA@  000000018000e480     libucrt:nlsdata.obj
 0002:00001484       ??_C@_03ODNJBKGA@Mar?$AA@  000000018000e484     libucrt:nlsdata.obj
 0002:00001488       ??_C@_03LEOLGMJP@Apr?$AA@  000000018000e488     libucrt:nlsdata.obj
 0002:0000148c       ??_C@_03CNMDKL@May?$AA@    000000018000e48c     libucrt:nlsdata.obj
 0002:00001490       ??_C@_03IDFGHECI@Jun?$AA@  000000018000e490     libucrt:nlsdata.obj
 0002:00001494       ??_C@_03LBGABGKK@Jul?$AA@  000000018000e494     libucrt:nlsdata.obj
 0002:00001498       ??_C@_03IFJFEIGA@Aug?$AA@  000000018000e498     libucrt:nlsdata.obj
 0002:0000149c       ??_C@_03GGCAPAJC@Sep?$AA@  000000018000e49c     libucrt:nlsdata.obj
 0002:000014a0       ??_C@_03BMAOKBAD@Oct?$AA@  000000018000e4a0     libucrt:nlsdata.obj
 0002:000014a4       ??_C@_03JPJOFNIA@Nov?$AA@  000000018000e4a4     libucrt:nlsdata.obj
 0002:000014a8       ??_C@_03MKABNOCG@Dec?$AA@  000000018000e4a8     libucrt:nlsdata.obj
 0002:000014b0       ??_C@_07CGJPFGJA@January?$AA@ 000000018000e4b0     libucrt:nlsdata.obj
 0002:000014b8       ??_C@_08GNJGEPFN@February?$AA@ 000000018000e4b8     libucrt:nlsdata.obj
 0002:000014c4       ??_C@_05HPCKOFNC@March?$AA@ 000000018000e4c4     libucrt:nlsdata.obj
 0002:000014cc       ??_C@_05DMJDNLEJ@April?$AA@ 000000018000e4cc     libucrt:nlsdata.obj
 0002:000014d4       ??_C@_04CNLMGBGM@June?$AA@ 000000018000e4d4     libucrt:nlsdata.obj
 0002:000014dc       ??_C@_04MIEPOIFP@July?$AA@ 000000018000e4dc     libucrt:nlsdata.obj
 0002:000014e4       ??_C@_06LBBHFDDG@August?$AA@ 000000018000e4e4     libucrt:nlsdata.obj
 0002:000014f0       ??_C@_09BHHEALKD@September?$AA@ 000000018000e4f0     libucrt:nlsdata.obj
 0002:00001500       ??_C@_07JJNFCEND@October?$AA@ 000000018000e500     libucrt:nlsdata.obj
 0002:00001508       ??_C@_08HCHEGEOA@November?$AA@ 000000018000e508     libucrt:nlsdata.obj
 0002:00001518       ??_C@_08EDHMEBNP@December?$AA@ 000000018000e518     libucrt:nlsdata.obj
 0002:00001524       ??_C@_02DEDBPAFC@AM?$AA@   000000018000e524     libucrt:nlsdata.obj
 0002:00001528       ??_C@_02CJNFDJBF@PM?$AA@   000000018000e528     libucrt:nlsdata.obj
 0002:00001530       ??_C@_08BPBNCDIB@MM?1dd?1yy?$AA@ 000000018000e530     libucrt:nlsdata.obj
 0002:00001540       ??_C@_0BE@CKGJFCPC@dddd?0?5MMMM?5dd?0?5yyyy?$AA@ 000000018000e540     libucrt:nlsdata.obj
 0002:00001558       ??_C@_08JCCMCCIL@HH?3mm?3ss?$AA@ 000000018000e558     libucrt:nlsdata.obj
 0002:00001568       ??_C@_17MBGCMIPB@?$AAS?$AAu?$AAn?$AA?$AA@ 000000018000e568     libucrt:nlsdata.obj
 0002:00001570       ??_C@_17KBOMKBF@?$AAM?$AAo?$AAn?$AA?$AA@ 000000018000e570     libucrt:nlsdata.obj
 0002:00001578       ??_C@_17BMKGEGOJ@?$AAT?$AAu?$AAe?$AA?$AA@ 000000018000e578     libucrt:nlsdata.obj
 0002:00001580       ??_C@_17CJEDCEPE@?$AAW?$AAe?$AAd?$AA?$AA@ 000000018000e580     libucrt:nlsdata.obj
 0002:00001588       ??_C@_17PDPHAADD@?$AAT?$AAh?$AAu?$AA?$AA@ 000000018000e588     libucrt:nlsdata.obj
 0002:00001590       ??_C@_17HFOLPPLP@?$AAF?$AAr?$AAi?$AA?$AA@ 000000018000e590     libucrt:nlsdata.obj
 0002:00001598       ??_C@_17GGIBDPIH@?$AAS?$AAa?$AAt?$AA?$AA@ 000000018000e598     libucrt:nlsdata.obj
 0002:000015a0       ??_C@_1O@IHNHDHPB@?$AAS?$AAu?$AAn?$AAd?$AAa?$AAy?$AA?$AA@ 000000018000e5a0     libucrt:nlsdata.obj
 0002:000015b0       ??_C@_1O@MMNBFLIA@?$AAM?$AAo?$AAn?$AAd?$AAa?$AAy?$AA?$AA@ 000000018000e5b0     libucrt:nlsdata.obj
 0002:000015c0       ??_C@_1BA@ENFBFFEK@?$AAT?$AAu?$AAe?$AAs?$AAd?$AAa?$AAy?$AA?$AA@ 000000018000e5c0     libucrt:nlsdata.obj
 0002:000015d0       ??_C@_1BE@EBOGMDOH@?$AAW?$AAe?$AAd?$AAn?$AAe?$AAs?$AAd?$AAa?$AAy?$AA?$AA@ 000000018000e5d0     libucrt:nlsdata.obj
 0002:000015e8       ??_C@_1BC@HHMNLIHE@?$AAT?$AAh?$AAu?$AAr?$AAs?$AAd?$AAa?$AAy?$AA?$AA@ 000000018000e5e8     libucrt:nlsdata.obj
 0002:00001600       ??_C@_1O@PDICJHAG@?$AAF?$AAr?$AAi?$AAd?$AAa?$AAy?$AA?$AA@ 000000018000e600     libucrt:nlsdata.obj
 0002:00001610       ??_C@_1BC@ENMNNPAJ@?$AAS?$AAa?$AAt?$AAu?$AAr?$AAd?$AAa?$AAy?$AA?$AA@ 000000018000e610     libucrt:nlsdata.obj
 0002:00001628       ??_C@_17DKNBKCHM@?$AAJ?$AAa?$AAn?$AA?$AA@ 000000018000e628     libucrt:nlsdata.obj
 0002:00001630       ??_C@_17LMDJEKJN@?$AAF?$AAe?$AAb?$AA?$AA@ 000000018000e630     libucrt:nlsdata.obj
 0002:00001638       ??_C@_17CKNLEDEC@?$AAM?$AAa?$AAr?$AA?$AA@ 000000018000e638     libucrt:nlsdata.obj
 0002:00001640       ??_C@_17LFPOIHDD@?$AAA?$AAp?$AAr?$AA?$AA@ 000000018000e640     libucrt:nlsdata.obj
 0002:00001648       ??_C@_17PNNKMEED@?$AAM?$AAa?$AAy?$AA?$AA@ 000000018000e648     libucrt:nlsdata.obj
 0002:00001650       ??_C@_17KCJGOCPB@?$AAJ?$AAu?$AAn?$AA?$AA@ 000000018000e650     libucrt:nlsdata.obj
 0002:00001658       ??_C@_17IJPCKHK@?$AAJ?$AAu?$AAl?$AA?$AA@ 000000018000e658     libucrt:nlsdata.obj
 0002:00001660       ??_C@_17ICPELBCN@?$AAA?$AAu?$AAg?$AA?$AA@ 000000018000e660     libucrt:nlsdata.obj
 0002:00001668       ??_C@_17HCHCOKMG@?$AAS?$AAe?$AAp?$AA?$AA@ 000000018000e668     libucrt:nlsdata.obj
 0002:00001670       ??_C@_17FNLKOI@?$AAO?$AAc?$AAt?$AA?$AA@ 000000018000e670     libucrt:nlsdata.obj
 0002:00001678       ??_C@_17BBDMLCIG@?$AAN?$AAo?$AAv?$AA?$AA@ 000000018000e678     libucrt:nlsdata.obj
 0002:00001680       ??_C@_17EGKACKIF@?$AAD?$AAe?$AAc?$AA?$AA@ 000000018000e680     libucrt:nlsdata.obj
 0002:00001688       ??_C@_1BA@EFMEIEBA@?$AAJ?$AAa?$AAn?$AAu?$AAa?$AAr?$AAy?$AA?$AA@ 000000018000e688     libucrt:nlsdata.obj
 0002:00001698       ??_C@_1BC@JGDDFFAM@?$AAF?$AAe?$AAb?$AAr?$AAu?$AAa?$AAr?$AAy?$AA?$AA@ 000000018000e698     libucrt:nlsdata.obj
 0002:000016b0       ??_C@_1M@IKEENEDF@?$AAM?$AAa?$AAr?$AAc?$AAh?$AA?$AA@ 000000018000e6b0     libucrt:nlsdata.obj
 0002:000016c0       ??_C@_1M@GJNLMHFD@?$AAA?$AAp?$AAr?$AAi?$AAl?$AA?$AA@ 000000018000e6c0     libucrt:nlsdata.obj
 0002:000016d0       ??_C@_19EPFLPGAP@?$AAJ?$AAu?$AAn?$AAe?$AA?$AA@ 000000018000e6d0     libucrt:nlsdata.obj
 0002:000016e0       ??_C@_19BIFMLPCD@?$AAJ?$AAu?$AAl?$AAy?$AA?$AA@ 000000018000e6e0     libucrt:nlsdata.obj
 0002:000016f0       ??_C@_1O@PAHLKOAC@?$AAA?$AAu?$AAg?$AAu?$AAs?$AAt?$AA?$AA@ 000000018000e6f0     libucrt:nlsdata.obj
 0002:00001700       ??_C@_1BE@DKAAMBJL@?$AAS?$AAe?$AAp?$AAt?$AAe?$AAm?$AAb?$AAe?$AAr?$AA?$AA@ 000000018000e700     libucrt:nlsdata.obj
 0002:00001718       ??_C@_1BA@EPANDLNG@?$AAO?$AAc?$AAt?$AAo?$AAb?$AAe?$AAr?$AA?$AA@ 000000018000e718     libucrt:nlsdata.obj
 0002:00001728       ??_C@_1BC@BGLIFPF@?$AAN?$AAo?$AAv?$AAe?$AAm?$AAb?$AAe?$AAr?$AA?$AA@ 000000018000e728     libucrt:nlsdata.obj
 0002:00001740       ??_C@_1BC@FEMKIFH@?$AAD?$AAe?$AAc?$AAe?$AAm?$AAb?$AAe?$AAr?$AA?$AA@ 000000018000e740     libucrt:nlsdata.obj
 0002:00001754       ??_C@_15ODEHAHHF@?$AAA?$AAM?$AA?$AA@ 000000018000e754     libucrt:nlsdata.obj
 0002:0000175c       ??_C@_15CLMNNGEL@?$AAP?$AAM?$AA?$AA@ 000000018000e75c     libucrt:nlsdata.obj
 0002:00001768       ??_C@_1BC@IEBCMHCM@?$AAM?$AAM?$AA?1?$AAd?$AAd?$AA?1?$AAy?$AAy?$AA?$AA@ 000000018000e768     libucrt:nlsdata.obj
 0002:00001780       ??_C@_1CI@KNAKOEBC@?$AAd?$AAd?$AAd?$AAd?$AA?0?$AA?5?$AAM?$AAM?$AAM?$AAM?$AA?5?$AAd?$AAd?$AA?0?$AA?5?$AAy?$AAy?$AAy?$AAy?$AA?$AA@ 000000018000e780     libucrt:nlsdata.obj
 0002:000017a8       ??_C@_1BC@GDGBMEMK@?$AAH?$AAH?$AA?3?$AAm?$AAm?$AA?3?$AAs?$AAs?$AA?$AA@ 000000018000e7a8     libucrt:nlsdata.obj
 0002:000017c0       ??_C@_1M@BMHNFIME@?$AAe?$AAn?$AA?9?$AAU?$AAS?$AA?$AA@ 000000018000e7c0     libucrt:nlsdata.obj
 0002:000017f0       ??_C@_1M@HPNHIDJI@?$AAj?$AAa?$AA?9?$AAJ?$AAP?$AA?$AA@ 000000018000e7f0     libucrt:mbctype.obj
 0002:00001800       ??_C@_1M@BIBDDEMK@?$AAz?$AAh?$AA?9?$AAC?$AAN?$AA?$AA@ 000000018000e800     libucrt:mbctype.obj
 0002:00001810       ??_C@_1M@JLOOOEGK@?$AAk?$AAo?$AA?9?$AAK?$AAR?$AA?$AA@ 000000018000e810     libucrt:mbctype.obj
 0002:00001820       ??_C@_1M@CLNBBOPM@?$AAz?$AAh?$AA?9?$AAT?$AAW?$AA?$AA@ 000000018000e820     libucrt:mbctype.obj
 0002:000018d0       ??_C@_1EA@JGEFHKEI@?$AAa?$AAp?$AAi?$AA?9?$AAm?$AAs?$AA?9?$AAw?$AAi?$AAn?$AA?9?$AAc?$AAo?$AAr?$AAe?$AA?9?$AAd?$AAa?$AAt?$AAe?$AAt?$AAi?$AAm?$AAe?$AA?9?$AAl?$AA1?$AA?9?$AA1?$AA?9?$AA1?$AA?$AA@ 000000018000e8d0     libucrt:winapi_thunks.obj
 0002:00001910       ??_C@_1DM@KHCHBNEB@?$AAa?$AAp?$AAi?$AA?9?$AAm?$AAs?$AA?9?$AAw?$AAi?$AAn?$AA?9?$AAc?$AAo?$AAr?$AAe?$AA?9?$AAf?$AAi?$AAb?$AAe?$AAr?$AAs?$AA?9?$AAl?$AA1?$AA?9?$AA1?$AA?9?$AA1?$AA?$AA@ 000000018000e910     libucrt:winapi_thunks.obj
 0002:00001950       ??_C@_1DI@IJCEHOCB@?$AAa?$AAp?$AAi?$AA?9?$AAm?$AAs?$AA?9?$AAw?$AAi?$AAn?$AA?9?$AAc?$AAo?$AAr?$AAe?$AA?9?$AAf?$AAi?$AAl?$AAe?$AA?9?$AAl?$AA1?$AA?9?$AA2?$AA?9?$AA2?$AA?$AA@ 000000018000e950     libucrt:winapi_thunks.obj
 0002:00001990       ??_C@_1EI@MPIAOHOC@?$AAa?$AAp?$AAi?$AA?9?$AAm?$AAs?$AA?9?$AAw?$AAi?$AAn?$AA?9?$AAc?$AAo?$AAr?$AAe?$AA?9?$AAl?$AAo?$AAc?$AAa?$AAl?$AAi?$AAz?$AAa?$AAt?$AAi?$AAo?$AAn?$AA?9?$AAl?$AA1?$AA?9@ 000000018000e990     libucrt:winapi_thunks.obj
 0002:000019e0       ??_C@_1FK@FPHCKFIE@?$AAa?$AAp?$AAi?$AA?9?$AAm?$AAs?$AA?9?$AAw?$AAi?$AAn?$AA?9?$AAc?$AAo?$AAr?$AAe?$AA?9?$AAl?$AAo?$AAc?$AAa?$AAl?$AAi?$AAz?$AAa?$AAt?$AAi?$AAo?$AAn?$AA?9?$AAo?$AAb?$AAs@ 000000018000e9e0     libucrt:winapi_thunks.obj
 0002:00001a40       ??_C@_1EM@DILCGIIO@?$AAa?$AAp?$AAi?$AA?9?$AAm?$AAs?$AA?9?$AAw?$AAi?$AAn?$AA?9?$AAc?$AAo?$AAr?$AAe?$AA?9?$AAp?$AAr?$AAo?$AAc?$AAe?$AAs?$AAs?$AAt?$AAh?$AAr?$AAe?$AAa?$AAd?$AAs?$AA?9?$AAl@ 000000018000ea40     libucrt:winapi_thunks.obj
 0002:00001a90       ??_C@_1DM@LNCGDDPN@?$AAa?$AAp?$AAi?$AA?9?$AAm?$AAs?$AA?9?$AAw?$AAi?$AAn?$AA?9?$AAc?$AAo?$AAr?$AAe?$AA?9?$AAs?$AAt?$AAr?$AAi?$AAn?$AAg?$AA?9?$AAl?$AA1?$AA?9?$AA1?$AA?9?$AA0?$AA?$AA@ 000000018000ea90     libucrt:winapi_thunks.obj
 0002:00001ad0       ??_C@_1DK@LPPGFMPP@?$AAa?$AAp?$AAi?$AA?9?$AAm?$AAs?$AA?9?$AAw?$AAi?$AAn?$AA?9?$AAc?$AAo?$AAr?$AAe?$AA?9?$AAs?$AAy?$AAn?$AAc?$AAh?$AA?9?$AAl?$AA1?$AA?9?$AA2?$AA?9?$AA0?$AA?$AA@ 000000018000ead0     libucrt:winapi_thunks.obj
 0002:00001b10       ??_C@_1DO@FPAPJEMD@?$AAa?$AAp?$AAi?$AA?9?$AAm?$AAs?$AA?9?$AAw?$AAi?$AAn?$AA?9?$AAc?$AAo?$AAr?$AAe?$AA?9?$AAs?$AAy?$AAs?$AAi?$AAn?$AAf?$AAo?$AA?9?$AAl?$AA1?$AA?9?$AA2?$AA?9?$AA1?$AA?$AA@ 000000018000eb10     libucrt:winapi_thunks.obj
 0002:00001b50       ??_C@_1DK@NDHNAHIO@?$AAa?$AAp?$AAi?$AA?9?$AAm?$AAs?$AA?9?$AAw?$AAi?$AAn?$AA?9?$AAc?$AAo?$AAr?$AAe?$AA?9?$AAw?$AAi?$AAn?$AAr?$AAt?$AA?9?$AAl?$AA1?$AA?9?$AA1?$AA?9?$AA0?$AA?$AA@ 000000018000eb50     libucrt:winapi_thunks.obj
 0002:00001b90       ??_C@_1DM@KGHDGBCM@?$AAa?$AAp?$AAi?$AA?9?$AAm?$AAs?$AA?9?$AAw?$AAi?$AAn?$AA?9?$AAc?$AAo?$AAr?$AAe?$AA?9?$AAx?$AAs?$AAt?$AAa?$AAt?$AAe?$AA?9?$AAl?$AA2?$AA?9?$AA1?$AA?9?$AA0?$AA?$AA@ 000000018000eb90     libucrt:winapi_thunks.obj
 0002:00001bd0       ??_C@_1EO@IJIOEFOH@?$AAa?$AAp?$AAi?$AA?9?$AAm?$AAs?$AA?9?$AAw?$AAi?$AAn?$AA?9?$AAr?$AAt?$AAc?$AAo?$AAr?$AAe?$AA?9?$AAn?$AAt?$AAu?$AAs?$AAe?$AAr?$AA?9?$AAw?$AAi?$AAn?$AAd?$AAo?$AAw?$AA?9@ 000000018000ebd0     libucrt:winapi_thunks.obj
 0002:00001c20       ??_C@_1FG@HHGEKANL@?$AAa?$AAp?$AAi?$AA?9?$AAm?$AAs?$AA?9?$AAw?$AAi?$AAn?$AA?9?$AAs?$AAe?$AAc?$AAu?$AAr?$AAi?$AAt?$AAy?$AA?9?$AAs?$AAy?$AAs?$AAt?$AAe?$AAm?$AAf?$AAu?$AAn?$AAc?$AAt?$AAi@ 000000018000ec20     libucrt:winapi_thunks.obj
 0002:00001c80       ??_C@_1EG@DBIOJECG@?$AAe?$AAx?$AAt?$AA?9?$AAm?$AAs?$AA?9?$AAw?$AAi?$AAn?$AA?9?$AAn?$AAt?$AAu?$AAs?$AAe?$AAr?$AA?9?$AAd?$AAi?$AAa?$AAl?$AAo?$AAg?$AAb?$AAo?$AAx?$AA?9?$AAl?$AA1?$AA?9?$AA1@ 000000018000ec80     libucrt:winapi_thunks.obj
 0002:00001cd0       ??_C@_1EO@FIHMJCLF@?$AAe?$AAx?$AAt?$AA?9?$AAm?$AAs?$AA?9?$AAw?$AAi?$AAn?$AA?9?$AAn?$AAt?$AAu?$AAs?$AAe?$AAr?$AA?9?$AAw?$AAi?$AAn?$AAd?$AAo?$AAw?$AAs?$AAt?$AAa?$AAt?$AAi?$AAo?$AAn?$AA?9@ 000000018000ecd0     libucrt:winapi_thunks.obj
 0002:00001d20       ??_C@_1BC@DNHGCMLG@?$AAa?$AAd?$AAv?$AAa?$AAp?$AAi?$AA3?$AA2?$AA?$AA@ 000000018000ed20     libucrt:winapi_thunks.obj
 0002:00001d38       ??_C@_1BC@GDMECMAK@?$AAk?$AAe?$AAr?$AAn?$AAe?$AAl?$AA3?$AA2?$AA?$AA@ 000000018000ed38     libucrt:winapi_thunks.obj
 0002:00001d50       ??_C@_1M@OAIMIKLP@?$AAn?$AAt?$AAd?$AAl?$AAl?$AA?$AA@ 000000018000ed50     libucrt:winapi_thunks.obj
 0002:00001d60       ??_C@_1EG@DPGNFKGC@?$AAa?$AAp?$AAi?$AA?9?$AAm?$AAs?$AA?9?$AAw?$AAi?$AAn?$AA?9?$AAa?$AAp?$AAp?$AAm?$AAo?$AAd?$AAe?$AAl?$AA?9?$AAr?$AAu?$AAn?$AAt?$AAi?$AAm?$AAe?$AA?9?$AAl?$AA1?$AA?9?$AA1@ 000000018000ed60     libucrt:winapi_thunks.obj
 0002:00001da8       ??_C@_1O@BCCLBEOE@?$AAu?$AAs?$AAe?$AAr?$AA3?$AA2?$AA?$AA@ 000000018000eda8     libucrt:winapi_thunks.obj
 0002:00001db8       ??_C@_1BA@PFFKHIOG@?$AAa?$AAp?$AAi?$AA?9?$AAm?$AAs?$AA?9?$AA?$AA@ 000000018000edb8     libucrt:winapi_thunks.obj
 0002:00001dc8       ??_C@_1BA@IAIFMGEF@?$AAe?$AAx?$AAt?$AA?9?$AAm?$AAs?$AA?9?$AA?$AA@ 000000018000edc8     libucrt:winapi_thunks.obj
 0002:00001de0       ??_C@_0BA@FHFNEAED@AreFileApisANSI?$AA@ 000000018000ede0     libucrt:winapi_thunks.obj
 0002:00001df8       ??_C@_08KNHFBNJ@FlsAlloc?$AA@ 000000018000edf8     libucrt:winapi_thunks.obj
 0002:00001e10       ??_C@_07PEJMOBNF@FlsFree?$AA@ 000000018000ee10     libucrt:winapi_thunks.obj
 0002:00001e20       ??_C@_0M@GDNOONDI@FlsGetValue?$AA@ 000000018000ee20     libucrt:winapi_thunks.obj
 0002:00001e38       ??_C@_0M@JCPCPOEF@FlsSetValue?$AA@ 000000018000ee38     libucrt:winapi_thunks.obj
 0002:00001e50       ??_C@_0BM@HCFOFFN@InitializeCriticalSectionEx?$AA@ 000000018000ee50     libucrt:winapi_thunks.obj
 0002:00001e78       ??_C@_0O@KKBNKAPF@LCMapStringEx?$AA@ 000000018000ee78     libucrt:winapi_thunks.obj
 0002:00001e90       ??_C@_0BB@HBDEELFH@LocaleNameToLCID?$AA@ 000000018000ee90     libucrt:winapi_thunks.obj
 0002:00001ea8       ??_C@_0CF@OJOFEIGO@AppPolicyGetProcessTerminationMe@ 000000018000eea8     libucrt:winapi_thunks.obj
 0002:00001ed0       __newctype                 000000018000eed0     libucrt:ctype.obj
 0002:000021d0       __newclmap                 000000018000f1d0     libucrt:ctype.obj
 0002:00002350       __newcumap                 000000018000f350     libucrt:ctype.obj
 0002:000024d0       ??_C@_15PJPFLCCM@?$AAu?$AAk?$AA?$AA@ 000000018000f4d0     libucrt:get_qualified_locale.obj
 0002:00003320       ??_C@_15EMKDOKLE@?$AAa?$AAr?$AA?$AA@ 0000000180010320     libucrt:lcidtoname_downlevel.obj
 0002:00003328       ??_C@_15KNPADPLH@?$AAb?$AAg?$AA?$AA@ 0000000180010328     libucrt:lcidtoname_downlevel.obj
 0002:00003330       ??_C@_15EDMHLDMO@?$AAc?$AAa?$AA?$AA@ 0000000180010330     libucrt:lcidtoname_downlevel.obj
 0002:00003338       ??_C@_1O@BPEAJADD@?$AAz?$AAh?$AA?9?$AAC?$AAH?$AAS?$AA?$AA@ 0000000180010338     libucrt:lcidtoname_downlevel.obj
 0002:00003348       ??_C@_15LJNHCMNK@?$AAc?$AAs?$AA?$AA@ 0000000180010348     libucrt:lcidtoname_downlevel.obj
 0002:00003350       ??_C@_15FOMCIDHG@?$AAd?$AAa?$AA?$AA@ 0000000180010350     libucrt:lcidtoname_downlevel.obj
 0002:00003358       ??_C@_15NBKABECB@?$AAd?$AAe?$AA?$AA@ 0000000180010358     libucrt:lcidtoname_downlevel.obj
 0002:00003360       ??_C@_15GHPEIIAO@?$AAe?$AAl?$AA?$AA@ 0000000180010360     libucrt:lcidtoname_downlevel.obj
 0002:00003368       ??_C@_15MNPNEAIF@?$AAe?$AAn?$AA?$AA@ 0000000180010368     libucrt:lcidtoname_downlevel.obj
 0002:00003370       ??_C@_15GPIOMPMH@?$AAe?$AAs?$AA?$AA@ 0000000180010370     libucrt:lcidtoname_downlevel.obj
 0002:00003378       ??_C@_15NGLOAKJC@?$AAf?$AAi?$AA?$AA@ 0000000180010378     libucrt:lcidtoname_downlevel.obj
 0002:00003380       ??_C@_15FBKGNKAM@?$AAf?$AAr?$AA?$AA@ 0000000180010380     libucrt:lcidtoname_downlevel.obj
 0002:00003388       ??_C@_15KGGCNEFK@?$AAh?$AAe?$AA?$AA@ 0000000180010388     libucrt:lcidtoname_downlevel.obj
 0002:00003390       ??_C@_15PGHLIDMF@?$AAh?$AAu?$AA?$AA@ 0000000180010390     libucrt:lcidtoname_downlevel.obj
 0002:00003398       ??_C@_15BIEMAPLM@?$AAi?$AAs?$AA?$AA@ 0000000180010398     libucrt:lcidtoname_downlevel.obj
 0002:000033a0       ??_C@_15IFJLDHAF@?$AAi?$AAt?$AA?$AA@ 00000001800103a0     libucrt:lcidtoname_downlevel.obj
 0002:000033a8       ??_C@_15GEMIOCAG@?$AAj?$AAa?$AA?$AA@ 00000001800103a8     libucrt:lcidtoname_downlevel.obj
 0002:000033b0       ??_C@_15EPELEGJA@?$AAk?$AAo?$AA?$AA@ 00000001800103b0     libucrt:lcidtoname_downlevel.obj
 0002:000033b8       ??_C@_15NDDHIMN@?$AAn?$AAl?$AA?$AA@ 00000001800103b8     libucrt:lcidtoname_downlevel.obj
 0002:000033c0       ??_C@_15BPIGNHCD@?$AAn?$AAo?$AA?$AA@ 00000001800103c0     libucrt:lcidtoname_downlevel.obj
 0002:000033c8       ??_C@_15DEOPBLCG@?$AAp?$AAl?$AA?$AA@ 00000001800103c8     libucrt:lcidtoname_downlevel.obj
 0002:000033d0       ??_C@_15KBECGEFG@?$AAp?$AAt?$AA?$AA@ 00000001800103d0     libucrt:lcidtoname_downlevel.obj
 0002:000033d8       ??_C@_15GLJCBFMD@?$AAr?$AAo?$AA?$AA@ 00000001800103d8     libucrt:lcidtoname_downlevel.obj
 0002:000033e0       ??_C@_15FEDGKCDI@?$AAr?$AAu?$AA?$AA@ 00000001800103e0     libucrt:lcidtoname_downlevel.obj
 0002:000033e8       ??_C@_15GLKMLLHM@?$AAh?$AAr?$AA?$AA@ 00000001800103e8     libucrt:lcidtoname_downlevel.obj
 0002:000033f0       ??_C@_15CPKMFBDB@?$AAs?$AAk?$AA?$AA@ 00000001800103f0     libucrt:lcidtoname_downlevel.obj
 0002:000033f8       ??_C@_15BAAIOGMK@?$AAs?$AAq?$AA?$AA@ 00000001800103f8     libucrt:lcidtoname_downlevel.obj
 0002:00003400       ??_C@_15INNPNOHD@?$AAs?$AAv?$AA?$AA@ 0000000180010400     libucrt:lcidtoname_downlevel.obj
 0002:00003408       ??_C@_15CABMMOGH@?$AAt?$AAh?$AA?$AA@ 0000000180010408     libucrt:lcidtoname_downlevel.obj
 0002:00003410       ??_C@_15BPLIHJJM@?$AAt?$AAr?$AA?$AA@ 0000000180010410     libucrt:lcidtoname_downlevel.obj
 0002:00003418       ??_C@_15NEOEKKDJ@?$AAu?$AAr?$AA?$AA@ 0000000180010418     libucrt:lcidtoname_downlevel.obj
 0002:00003420       ??_C@_15NFICGAJK@?$AAi?$AAd?$AA?$AA@ 0000000180010420     libucrt:lcidtoname_downlevel.obj
 0002:00003428       ??_C@_15HPJPHDM@?$AAb?$AAe?$AA?$AA@ 0000000180010428     libucrt:lcidtoname_downlevel.obj
 0002:00003430       ??_C@_15LCHLGJII@?$AAs?$AAl?$AA?$AA@ 0000000180010430     libucrt:lcidtoname_downlevel.obj
 0002:00003438       ??_C@_15PCFJPHHO@?$AAe?$AAt?$AA?$AA@ 0000000180010438     libucrt:lcidtoname_downlevel.obj
 0002:00003440       ??_C@_15HPFPGODN@?$AAl?$AAv?$AA?$AA@ 0000000180010440     libucrt:lcidtoname_downlevel.obj
 0002:00003448       ??_C@_15NFFGKGLG@?$AAl?$AAt?$AA?$AA@ 0000000180010448     libucrt:lcidtoname_downlevel.obj
 0002:00003450       ??_C@_15BDAKCCHN@?$AAf?$AAa?$AA?$AA@ 0000000180010450     libucrt:lcidtoname_downlevel.obj
 0002:00003458       ??_C@_15NFGIAIAJ@?$AAv?$AAi?$AA?$AA@ 0000000180010458     libucrt:lcidtoname_downlevel.obj
 0002:00003460       ??_C@_15LMKNDMHN@?$AAh?$AAy?$AA?$AA@ 0000000180010460     libucrt:lcidtoname_downlevel.obj
 0002:00003468       ??_C@_15IJBHMCFL@?$AAa?$AAz?$AA?$AA@ 0000000180010468     libucrt:lcidtoname_downlevel.obj
 0002:00003470       ??_C@_15EKOFJABL@?$AAe?$AAu?$AA?$AA@ 0000000180010470     libucrt:lcidtoname_downlevel.obj
 0002:00003478       ??_C@_15BGHADCNK@?$AAm?$AAk?$AA?$AA@ 0000000180010478     libucrt:lcidtoname_downlevel.obj
 0002:00003480       ??_C@_15JDNICKHM@?$AAa?$AAf?$AA?$AA@ 0000000180010480     libucrt:lcidtoname_downlevel.obj
 0002:00003488       ??_C@_15KPJEDBKD@?$AAk?$AAa?$AA?$AA@ 0000000180010488     libucrt:lcidtoname_downlevel.obj
 0002:00003490       ??_C@_15PDNFFFEO@?$AAf?$AAo?$AA?$AA@ 0000000180010490     libucrt:lcidtoname_downlevel.obj
 0002:00003498       ??_C@_15OMLEGLOC@?$AAh?$AAi?$AA?$AA@ 0000000180010498     libucrt:lcidtoname_downlevel.obj
 0002:000034a0       ??_C@_15IDNNENKK@?$AAm?$AAs?$AA?$AA@ 00000001800104a0     libucrt:lcidtoname_downlevel.obj
 0002:000034a8       ??_C@_15MACJNBMH@?$AAk?$AAk?$AA?$AA@ 00000001800104a8     libucrt:lcidtoname_downlevel.obj
 0002:000034b0       ??_C@_15DKDJEOND@?$AAk?$AAy?$AA?$AA@ 00000001800104b0     libucrt:lcidtoname_downlevel.obj
 0002:000034b8       ??_C@_15DFGDLJBG@?$AAs?$AAw?$AA?$AA@ 00000001800104b8     libucrt:lcidtoname_downlevel.obj
 0002:000034c0       ??_C@_15BBFAICNG@?$AAu?$AAz?$AA?$AA@ 00000001800104c0     libucrt:lcidtoname_downlevel.obj
 0002:000034c8       ??_C@_15DKNDCGEA@?$AAt?$AAt?$AA?$AA@ 00000001800104c8     libucrt:lcidtoname_downlevel.obj
 0002:000034d0       ??_C@_15MGIFMDPL@?$AAp?$AAa?$AA?$AA@ 00000001800104d0     libucrt:lcidtoname_downlevel.obj
 0002:000034d8       ??_C@_15HCNDBBA@?$AAg?$AAu?$AA?$AA@ 00000001800104d8     libucrt:lcidtoname_downlevel.obj
 0002:000034e0       ??_C@_15FNBEIBON@?$AAt?$AAa?$AA?$AA@ 00000001800104e0     libucrt:lcidtoname_downlevel.obj
 0002:000034e8       ??_C@_15NCHGBGLK@?$AAt?$AAe?$AA?$AA@ 00000001800104e8     libucrt:lcidtoname_downlevel.obj
 0002:000034f0       ??_C@_15PHPHCBPF@?$AAk?$AAn?$AA?$AA@ 00000001800104f0     libucrt:lcidtoname_downlevel.obj
 0002:000034f8       ??_C@_15DLGBCKMP@?$AAm?$AAr?$AA?$AA@ 00000001800104f8     libucrt:lcidtoname_downlevel.obj
 0002:00003500       ??_C@_15EABBLBFF@?$AAs?$AAa?$AA?$AA@ 0000000180010500     libucrt:lcidtoname_downlevel.obj
 0002:00003508       ??_C@_15CBKOMCOI@?$AAm?$AAn?$AA?$AA@ 0000000180010508     libucrt:lcidtoname_downlevel.obj
 0002:00003510       ??_C@_15CKDMCJAF@?$AAg?$AAl?$AA?$AA@ 0000000180010510     libucrt:lcidtoname_downlevel.obj
 0002:00003518       ??_C@_17CNJFBPG@?$AAk?$AAo?$AAk?$AA?$AA@ 0000000180010518     libucrt:lcidtoname_downlevel.obj
 0002:00003520       ??_C@_17FFBJICPL@?$AAs?$AAy?$AAr?$AA?$AA@ 0000000180010520     libucrt:lcidtoname_downlevel.obj
 0002:00003528       ??_C@_17KPNDCPAF@?$AAd?$AAi?$AAv?$AA?$AA@ 0000000180010528     libucrt:lcidtoname_downlevel.obj
 0002:00003530       ??_C@_11LOCGONAA@?$AA?$AA@ 0000000180010530     libucrt:lcidtoname_downlevel.obj
 0002:00003538       ??_C@_1M@OKAHONE@?$AAa?$AAr?$AA?9?$AAS?$AAA?$AA?$AA@ 0000000180010538     libucrt:lcidtoname_downlevel.obj
 0002:00003548       ??_C@_1M@FFFIGIGK@?$AAb?$AAg?$AA?9?$AAB?$AAG?$AA?$AA@ 0000000180010548     libucrt:lcidtoname_downlevel.obj
 0002:00003558       ??_C@_1M@BJNKEDC@?$AAc?$AAa?$AA?9?$AAE?$AAS?$AA?$AA@ 0000000180010558     libucrt:lcidtoname_downlevel.obj
 0002:00003568       ??_C@_1M@IJJHFJHA@?$AAc?$AAs?$AA?9?$AAC?$AAZ?$AA?$AA@ 0000000180010568     libucrt:lcidtoname_downlevel.obj
 0002:00003578       ??_C@_1M@CLPEOBGI@?$AAd?$AAa?$AA?9?$AAD?$AAK?$AA?$AA@ 0000000180010578     libucrt:lcidtoname_downlevel.obj
 0002:00003588       ??_C@_1M@MCMADGCB@?$AAd?$AAe?$AA?9?$AAD?$AAE?$AA?$AA@ 0000000180010588     libucrt:lcidtoname_downlevel.obj
 0002:00003598       ??_C@_1M@OOCKEMAM@?$AAe?$AAl?$AA?9?$AAG?$AAR?$AA?$AA@ 0000000180010598     libucrt:lcidtoname_downlevel.obj
 0002:000035a8       ??_C@_1M@DDNJFGID@?$AAf?$AAi?$AA?9?$AAF?$AAI?$AA?$AA@ 00000001800105a8     libucrt:lcidtoname_downlevel.obj
 0002:000035b8       ??_C@_1M@GLIPPMAC@?$AAf?$AAr?$AA?9?$AAF?$AAR?$AA?$AA@ 00000001800105b8     libucrt:lcidtoname_downlevel.obj
 0002:000035c8       ??_C@_1M@GFMCHPE@?$AAh?$AAe?$AA?9?$AAI?$AAL?$AA?$AA@ 00000001800105c8     libucrt:lcidtoname_downlevel.obj
 0002:000035d8       ??_C@_1M@MHLPGNKM@?$AAh?$AAu?$AA?9?$AAH?$AAU?$AA?$AA@ 00000001800105d8     libucrt:lcidtoname_downlevel.obj
 0002:000035e8       ??_C@_1M@LPDDNNPN@?$AAi?$AAs?$AA?9?$AAI?$AAS?$AA?$AA@ 00000001800105e8     libucrt:lcidtoname_downlevel.obj
 0002:000035f8       ??_C@_1M@MADIPODN@?$AAi?$AAt?$AA?9?$AAI?$AAT?$AA?$AA@ 00000001800105f8     libucrt:lcidtoname_downlevel.obj
 0002:00003608       ??_C@_1M@IHBJJGG@?$AAn?$AAl?$AA?9?$AAN?$AAL?$AA?$AA@ 0000000180010608     libucrt:lcidtoname_downlevel.obj
 0002:00003618       ??_C@_1M@EANAGDL@?$AAn?$AAb?$AA?9?$AAN?$AAO?$AA?$AA@ 0000000180010618     libucrt:lcidtoname_downlevel.obj
 0002:00003628       ??_C@_1M@NEIEMEGP@?$AAp?$AAl?$AA?9?$AAP?$AAL?$AA?$AA@ 0000000180010628     libucrt:lcidtoname_downlevel.obj
 0002:00003638       ??_C@_1M@BOCFIGEP@?$AAp?$AAt?$AA?9?$AAB?$AAR?$AA?$AA@ 0000000180010638     libucrt:lcidtoname_downlevel.obj
 0002:00003648       ??_C@_1M@IMPFOPBG@?$AAr?$AAo?$AA?9?$AAR?$AAO?$AA?$AA@ 0000000180010648     libucrt:lcidtoname_downlevel.obj
 0002:00003658       ??_C@_1M@IDNNEJMM@?$AAr?$AAu?$AA?9?$AAR?$AAU?$AA?$AA@ 0000000180010658     libucrt:lcidtoname_downlevel.obj
 0002:00003668       ??_C@_1M@LILEEOGM@?$AAh?$AAr?$AA?9?$AAH?$AAR?$AA?$AA@ 0000000180010668     libucrt:lcidtoname_downlevel.obj
 0002:00003678       ??_C@_1M@FKIFEHPB@?$AAs?$AAk?$AA?9?$AAS?$AAK?$AA?$AA@ 0000000180010678     libucrt:lcidtoname_downlevel.obj
 0002:00003688       ??_C@_1M@LJMAMNPJ@?$AAs?$AAq?$AA?9?$AAA?$AAL?$AA?$AA@ 0000000180010688     libucrt:lcidtoname_downlevel.obj
 0002:00003698       ??_C@_1M@GIAKDKJK@?$AAs?$AAv?$AA?9?$AAS?$AAE?$AA?$AA@ 0000000180010698     libucrt:lcidtoname_downlevel.obj
 0002:000036a8       ??_C@_1M@MKJKIKCL@?$AAt?$AAh?$AA?9?$AAT?$AAH?$AA?$AA@ 00000001800106a8     libucrt:lcidtoname_downlevel.obj
 0002:000036b8       ??_C@_1M@MFLCCMPB@?$AAt?$AAr?$AA?9?$AAT?$AAR?$AA?$AA@ 00000001800106b8     libucrt:lcidtoname_downlevel.obj
 0002:000036c8       ??_C@_1M@OIJHDKJN@?$AAu?$AAr?$AA?9?$AAP?$AAK?$AA?$AA@ 00000001800106c8     libucrt:lcidtoname_downlevel.obj
 0002:000036d8       ??_C@_1M@LHIPCIEK@?$AAi?$AAd?$AA?9?$AAI?$AAD?$AA?$AA@ 00000001800106d8     libucrt:lcidtoname_downlevel.obj
 0002:000036e8       ??_C@_1M@MFMOBGI@?$AAu?$AAk?$AA?9?$AAU?$AAA?$AA?$AA@ 00000001800106e8     libucrt:lcidtoname_downlevel.obj
 0002:000036f8       ??_C@_1M@OBGLJIPL@?$AAb?$AAe?$AA?9?$AAB?$AAY?$AA?$AA@ 00000001800106f8     libucrt:lcidtoname_downlevel.obj
 0002:00003708       ??_C@_1M@BCFAJEAD@?$AAs?$AAl?$AA?9?$AAS?$AAI?$AA?$AA@ 0000000180010708     libucrt:lcidtoname_downlevel.obj
 0002:00003718       ??_C@_1M@FKFFEDDN@?$AAe?$AAt?$AA?9?$AAE?$AAE?$AA?$AA@ 0000000180010718     libucrt:lcidtoname_downlevel.obj
 0002:00003728       ??_C@_1M@KGKKAACI@?$AAl?$AAv?$AA?9?$AAL?$AAV?$AA?$AA@ 0000000180010728     libucrt:lcidtoname_downlevel.obj
 0002:00003738       ??_C@_1M@IFGBIJO@?$AAl?$AAt?$AA?9?$AAL?$AAT?$AA?$AA@ 0000000180010738     libucrt:lcidtoname_downlevel.obj
 0002:00003748       ??_C@_1M@FGEAHEDM@?$AAf?$AAa?$AA?9?$AAI?$AAR?$AA?$AA@ 0000000180010748     libucrt:lcidtoname_downlevel.obj
 0002:00003758       ??_C@_1M@KBMAIBFN@?$AAv?$AAi?$AA?9?$AAV?$AAN?$AA?$AA@ 0000000180010758     libucrt:lcidtoname_downlevel.obj
 0002:00003768       ??_C@_1M@GPCBKDJK@?$AAh?$AAy?$AA?9?$AAA?$AAM?$AA?$AA@ 0000000180010768     libucrt:lcidtoname_downlevel.obj
 0002:00003778       ??_C@_1BG@BECMDDJB@?$AAa?$AAz?$AA?9?$AAA?$AAZ?$AA?9?$AAL?$AAa?$AAt?$AAn?$AA?$AA@ 0000000180010778     libucrt:lcidtoname_downlevel.obj
 0002:00003790       ??_C@_1M@MAOFCAEA@?$AAe?$AAu?$AA?9?$AAE?$AAS?$AA?$AA@ 0000000180010790     libucrt:lcidtoname_downlevel.obj
 0002:000037a0       ??_C@_1M@IGHABKPI@?$AAm?$AAk?$AA?9?$AAM?$AAK?$AA?$AA@ 00000001800107a0     libucrt:lcidtoname_downlevel.obj
 0002:000037b0       ??_C@_1M@IAIGNEJG@?$AAt?$AAn?$AA?9?$AAZ?$AAA?$AA?$AA@ 00000001800107b0     libucrt:lcidtoname_downlevel.obj
 0002:000037c0       ??_C@_1M@IIJCOJFA@?$AAx?$AAh?$AA?9?$AAZ?$AAA?$AA?$AA@ 00000001800107c0     libucrt:lcidtoname_downlevel.obj
 0002:000037d0       ??_C@_1M@LGPJHNJH@?$AAz?$AAu?$AA?9?$AAZ?$AAA?$AA?$AA@ 00000001800107d0     libucrt:lcidtoname_downlevel.obj
 0002:000037e0       ??_C@_1M@HOKAOIO@?$AAa?$AAf?$AA?9?$AAZ?$AAA?$AA?$AA@ 00000001800107e0     libucrt:lcidtoname_downlevel.obj
 0002:000037f0       ??_C@_1M@DPCLHLIE@?$AAk?$AAa?$AA?9?$AAG?$AAE?$AA?$AA@ 00000001800107f0     libucrt:lcidtoname_downlevel.obj
 0002:00003800       ??_C@_1M@BLKMHJBI@?$AAf?$AAo?$AA?9?$AAF?$AAO?$AA?$AA@ 0000000180010800     libucrt:lcidtoname_downlevel.obj
 0002:00003810       ??_C@_1M@LGGJAPPB@?$AAh?$AAi?$AA?9?$AAI?$AAN?$AA?$AA@ 0000000180010810     libucrt:lcidtoname_downlevel.obj
 0002:00003820       ??_C@_1M@FIKPIHFE@?$AAm?$AAt?$AA?9?$AAM?$AAT?$AA?$AA@ 0000000180010820     libucrt:lcidtoname_downlevel.obj
 0002:00003830       ??_C@_1M@HEGGPBFA@?$AAs?$AAe?$AA?9?$AAN?$AAO?$AA?$AA@ 0000000180010830     libucrt:lcidtoname_downlevel.obj
 0002:00003840       ??_C@_1M@EIBJEEPA@?$AAm?$AAs?$AA?9?$AAM?$AAY?$AA?$AA@ 0000000180010840     libucrt:lcidtoname_downlevel.obj
 0002:00003850       ??_C@_1M@FHLBGMPP@?$AAk?$AAk?$AA?9?$AAK?$AAZ?$AA?$AA@ 0000000180010850     libucrt:lcidtoname_downlevel.obj
 0002:00003860       ??_C@_1M@NGJJLCGI@?$AAk?$AAy?$AA?9?$AAK?$AAG?$AA?$AA@ 0000000180010860     libucrt:lcidtoname_downlevel.obj
 0002:00003870       ??_C@_1M@GIENNBFC@?$AAs?$AAw?$AA?9?$AAK?$AAE?$AA?$AA@ 0000000180010870     libucrt:lcidtoname_downlevel.obj
 0002:00003880       ??_C@_1BG@NDGMJIMJ@?$AAu?$AAz?$AA?9?$AAU?$AAZ?$AA?9?$AAL?$AAa?$AAt?$AAn?$AA?$AA@ 0000000180010880     libucrt:lcidtoname_downlevel.obj
 0002:00003898       ??_C@_1M@IDCCIHBC@?$AAt?$AAt?$AA?9?$AAR?$AAU?$AA?$AA@ 0000000180010898     libucrt:lcidtoname_downlevel.obj
 0002:000038a8       ??_C@_1M@LOICPMOJ@?$AAb?$AAn?$AA?9?$AAI?$AAN?$AA?$AA@ 00000001800108a8     libucrt:lcidtoname_downlevel.obj
 0002:000038b8       ??_C@_1M@KPKKNEAH@?$AAp?$AAa?$AA?9?$AAI?$AAN?$AA?$AA@ 00000001800108b8     libucrt:lcidtoname_downlevel.obj
 0002:000038c8       ??_C@_1M@PJGPPBOG@?$AAg?$AAu?$AA?9?$AAI?$AAN?$AA?$AA@ 00000001800108c8     libucrt:lcidtoname_downlevel.obj
 0002:000038d8       ??_C@_1M@KMKMOPHI@?$AAt?$AAa?$AA?9?$AAI?$AAN?$AA?$AA@ 00000001800108d8     libucrt:lcidtoname_downlevel.obj
 0002:000038e8       ??_C@_1M@KFEHEPAC@?$AAt?$AAe?$AA?9?$AAI?$AAN?$AA?$AA@ 00000001800108e8     libucrt:lcidtoname_downlevel.obj
 0002:000038f8       ??_C@_1M@CDCLMGHI@?$AAk?$AAn?$AA?9?$AAI?$AAN?$AA?$AA@ 00000001800108f8     libucrt:lcidtoname_downlevel.obj
[...]
 0004:000006f0       $pdata$__acrt_initialize_multibyte 00000001800186f0     libucrt:mbctype.obj
 0004:000006fc       $pdata$__acrt_update_thread_multibyte_data 00000001800186fc     libucrt:mbctype.obj
 0004:00000708       $pdata$_setmbcp_nolock     0000000180018708     libucrt:mbctype.obj
 0004:00000714       $pdata$?x_ismbbtype_l@@YAHPEAU__crt_locale_pointers@@IHH@Z 0000000180018714     libucrt:ismbbyte.obj
 0004:00000720       $pdata$__acrt_initialize_command_line 0000000180018720     libucrt:argv_data.obj
 0004:0000072c       $pdata$__acrt_WideCharToMultiByte 000000018001872c     libucrt:widechartomultibyte.obj
 0004:00000738       $pdata$__dcrt_get_narrow_environment_from_os 0000000180018738     libucrt:get_environment_from_os.obj
 0004:00000744       $pdata$_recalloc_base      0000000180018744     libucrt:recalloc.obj
 0004:00000750       $pdata$?try_get_function@@YAPEAXW4function_id@?A0x391cf84c@@QEBDQEBW4module_id@2@2@Z 0000000180018750     libucrt:winapi_thunks.obj
 0004:0000075c       $pdata$__acrt_AppPolicyGetProcessTerminationMethodInternal 000000018001875c     libucrt:winapi_thunks.obj
 0004:00000768       $pdata$__acrt_AreFileApisANSI 0000000180018768     libucrt:winapi_thunks.obj
 0004:00000774       $pdata$__acrt_FlsAlloc     0000000180018774     libucrt:winapi_thunks.obj
 0004:00000780       $pdata$__acrt_FlsFree      0000000180018780     libucrt:winapi_thunks.obj
 0004:0000078c       $pdata$__acrt_FlsGetValue  000000018001878c     libucrt:winapi_thunks.obj
 0004:00000798       $pdata$__acrt_FlsSetValue  0000000180018798     libucrt:winapi_thunks.obj
 0004:000007a4       $pdata$__acrt_InitializeCriticalSectionEx 00000001800187a4     libucrt:winapi_thunks.obj
 0004:000007b0       $pdata$__acrt_LCMapStringEx 00000001800187b0     libucrt:winapi_thunks.obj
 0004:000007bc       $pdata$__acrt_LocaleNameToLCID 00000001800187bc     libucrt:winapi_thunks.obj
 0004:000007c8       $pdata$__acrt_initialize_winapi_thunks 00000001800187c8     libucrt:winapi_thunks.obj
 0004:000007d4       $pdata$__acrt_uninitialize_winapi_thunks 00000001800187d4     libucrt:winapi_thunks.obj
 0004:000007e0       $pdata$__acrt_initialize_heap 00000001800187e0     libucrt:heap_handle.obj
 0004:000007ec       $pdata$?initialize_inherited_file_handles_nolock@@YAXXZ 00000001800187ec     libucrt:ioinit.obj
 0004:000007f8       $pdata$?initialize_stdio_handles_nolock@@YAXXZ 00000001800187f8     libucrt:ioinit.obj
 0004:00000804       $pdata$__acrt_initialize_lowio 0000000180018804     libucrt:ioinit.obj
 0004:00000810       $pdata$__acrt_uninitialize_lowio 0000000180018810     libucrt:ioinit.obj
 0004:0000081c       $pdata$__acrt_execute_initializers 000000018001881c     libucrt:shared_initialization.obj
 0004:00000828       $pdata$__acrt_execute_uninitializers 0000000180018828     libucrt:shared_initialization.obj
 0004:00000834       $pdata$??$?RV<lambda_450d765d439847d4c735a33c368b5fc0>@@AEAV<lambda_44731a7d0e6d81c3e6aa82d741081786>@@V<lambda_601a2a7da3b7a96e9554ac7215c4b07c>@@@?$__crt_seh_guarded_call@P6AXH@Z@@QEAAP6AXH@Z$$QEAV<lambda_450d765d439847d4c735a33c368b5fc0>@@AEAV<lambda_44731a7d0e6d81c3e6aa82d741081786>@@$$QEAV<lambda_601a2a7da3b7a96e9554ac7215c4b07c>@@@Z 0000000180018834     libucrt:signal.obj
 0004:00000840       $pdata$__acrt_get_sigabrt_handler 0000000180018840     libucrt:signal.obj
 0004:0000084c       $pdata$raise               000000018001884c     libucrt:signal.obj
 0004:00000858       $pdata$??$?RV<lambda_842d9ff0dc9ef11c61343bbaebe7f885>@@AEAV<lambda_c5860995281e5c4ce005b3de8f5874ee>@@V<lambda_d90129c13df834fdcbf8d2b88dafcf2d>@@@?$__crt_seh_guarded_call@X@@QEAAX$$QEAV<lambda_842d9ff0dc9ef11c61343bbaebe7f885>@@AEAV<lambda_c5860995281e5c4ce005b3de8f5874ee>@@$$QEAV<lambda_d90129c13df834fdcbf8d2b88dafcf2d>@@@Z 0000000180018858     libucrt:fflush.obj
 0004:00000864       $pdata$??$?RV<lambda_886d6c58226a84441f68b9f2b8217b83>@@AEAV<lambda_ab61a845afdef5b7c387490eaf3616ee>@@V<lambda_f7f22ab5edc0698d5f6905b0d3f44752>@@@?$__crt_seh_guarded_call@X@@QEAAX$$QEAV<lambda_886d6c58226a84441f68b9f2b8217b83>@@AEAV<lambda_ab61a845afdef5b7c387490eaf3616ee>@@$$QEAV<lambda_f7f22ab5edc0698d5f6905b0d3f44752>@@@Z 0000000180018864     libucrt:fflush.obj
 0004:00000870       $pdata$?common_flush_all@@YAH_N@Z 0000000180018870     libucrt:fflush.obj
 0004:0000087c       $pdata$__acrt_stdio_flush_nolock 000000018001887c     libucrt:fflush.obj
 0004:00000888       $pdata$_fflush_nolock      0000000180018888     libucrt:fflush.obj
 0004:00000894       $pdata$__acrt_initialize_stdio 0000000180018894     libucrt:_file.obj
 0004:000008a0       $pdata$__acrt_uninitialize_stdio 00000001800188a0     libucrt:_file.obj
 0004:000008ac       $pdata$_mbtowc_l           00000001800188ac     libucrt:mbtowc.obj
 0004:000008b8       $pdata$_fileno             00000001800188b8     libucrt:fileno.obj
 0004:000008c4       $pdata$__pctype_func       00000001800188c4     libucrt:ctype.obj
 0004:000008d0       $pdata$_isctype_l          00000001800188d0     libucrt:isctype.obj
 0004:000008dc       $pdata$_isleadbyte_l       00000001800188dc     libucrt:_wctype.obj
 0004:000008e8       $pdata$?__acrt_LCMapStringA_stat@@YAHPEAU__crt_locale_pointers@@PEB_WKPEBDHPEADHHH@Z 00000001800188e8     libucrt:lcmapstringa.obj
 0004:000008f4       $pdata$__acrt_LCMapStringA 00000001800188f4     libucrt:lcmapstringa.obj
 0004:00000900       $pdata$__acrt_free_locale  0000000180018900     libucrt:locale_refcounting.obj
 0004:0000090c       $pdata$__acrt_locale_free_lc_time_if_unreferenced 000000018001890c     libucrt:locale_refcounting.obj
 0004:00000918       $pdata$__acrt_release_locale_ref 0000000180018918     libucrt:locale_refcounting.obj
 0004:00000924       $pdata$__acrt_update_thread_locale_data 0000000180018924     libucrt:locale_refcounting.obj
 0004:00000930       $pdata$_updatetlocinfoEx_nolock 0000000180018930     libucrt:locale_refcounting.obj
 0004:0000093c       $pdata$__acrt_locale_free_monetary 000000018001893c     libucrt:initmon.obj
 0004:00000948       $pdata$__acrt_locale_free_numeric 0000000180018948     libucrt:initnum.obj
 0004:00000954       $pdata$?free_crt_array_internal@@YAXQEAPEBX_K@Z 0000000180018954     libucrt:inittime.obj
 0004:00000960       $pdata$__acrt_locale_free_time 0000000180018960     libucrt:inittime.obj
 0004:0000096c       $pdata$__acrt_GetStringTypeA 000000018001896c     libucrt:getstringtypea.obj
 0004:00000978       $pdata$qsort               0000000180018978     libucrt:qsort.obj
 0004:00000984       $pdata$4$qsort             0000000180018984     libucrt:qsort.obj
 0004:00000990       $pdata$5$qsort             0000000180018990     libucrt:qsort.obj
 0004:0000099c       $pdata$strncpy_s           000000018001899c     libucrt:strncpy_s.obj
 0004:000009a8       $pdata$fallbackMethod      00000001800189a8     libucrt:strpbrk.obj
 0004:000009b4       $pdata$strpbrk             00000001800189b4     libucrt:strpbrk.obj
 0004:000009c0       $pdata$_mbsdec_l           00000001800189c0     libucrt:mbsdec.obj
 0004:000009cc       $pdata$?initialize_multibyte@@YAHXZ 00000001800189cc     libucrt:multibyte_initializer.obj
 0004:000009d8       $pdata$_msize_base         00000001800189d8     libucrt:msize.obj
 0004:000009e4       $pdata$_realloc_base       00000001800189e4     libucrt:realloc_base.obj
 0004:000009f0       $pdata$?GetTableIndexFromLocaleName@@YAHPEB_W@Z 00000001800189f0     libucrt:lcidtoname_downlevel.obj
 0004:000009fc       $pdata$__acrt_DownlevelLocaleNameToLCID 00000001800189fc     libucrt:lcidtoname_downlevel.obj
 0004:00000a08       $pdata$__acrt_lowio_create_handle_array 0000000180018a08     libucrt:osfinfo.obj
 0004:00000a14       $pdata$__acrt_lowio_destroy_handle_array 0000000180018a14     libucrt:osfinfo.obj
 0004:00000a20       $pdata$__acrt_lowio_ensure_fh_exists 0000000180018a20     libucrt:osfinfo.obj
 0004:00000a2c       $pdata$_free_osfhnd        0000000180018a2c     libucrt:osfinfo.obj
 0004:00000a38       $pdata$_get_osfhandle      0000000180018a38     libucrt:osfinfo.obj
 0004:00000a44       $pdata$??$?RV<lambda_a37b2b86f63e897a80ea819b0eb08c01>@@AEAV<lambda_38ce7e780aa69e748d6df282ebc68efe>@@V<lambda_99fb1378e971ab6e7edea83e3a7a83a2>@@@?$__crt_seh_guarded_call@H@@QEAAH$$QEAV<lambda_a37b2b86f63e897a80ea819b0eb08c01>@@AEAV<lambda_38ce7e780aa69e748d6df282ebc68efe>@@$$QEAV<lambda_99fb1378e971ab6e7edea83e3a7a83a2>@@@Z 0000000180018a44     libucrt:commit.obj
 0004:00000a50       $pdata$_commit             0000000180018a50     libucrt:commit.obj
 0004:00000a5c       $pdata$?write_double_translated_ansi_nolock@@YA?AUwrite_result@?A0x17268360@@HQEBDI@Z 0000000180018a5c     libucrt:write.obj
 0004:00000a68       $pdata$?write_text_ansi_nolock@@YA?AUwrite_result@?A0x17268360@@HQEBDI@Z 0000000180018a68     libucrt:write.obj
 0004:00000a74       $pdata$?write_text_utf16le_nolock@@YA?AUwrite_result@?A0x17268360@@HQEBDI@Z 0000000180018a74     libucrt:write.obj
 0004:00000a80       $pdata$?write_text_utf8_nolock@@YA?AUwrite_result@?A0x17268360@@HQEBDI@Z 0000000180018a80     libucrt:write.obj
 0004:00000a8c       $pdata$_write              0000000180018a8c     libucrt:write.obj
 0004:00000a98       $pdata$_write_nolock       0000000180018a98     libucrt:write.obj
 0004:00000aa4       $pdata$_fcloseall          0000000180018aa4     libucrt:closeall.obj
 0004:00000ab0       $pdata$__acrt_stdio_free_buffer_nolock 0000000180018ab0     libucrt:_freebuf.obj
 0004:00000abc       $pdata$_isatty             0000000180018abc     libucrt:isatty.obj
 0004:00000ac8       $pdata$?__mbrtowc_utf8@__crt_mbstring@@YA_KPEA_WPEBD_KPEAU_Mbstatet@@@Z 0000000180018ac8     libucrt:mbrtowc.obj
 0004:00000ad4       $pdata$?__mbsrtowcs_utf8@__crt_mbstring@@YA_KPEA_WPEAPEBD_KPEAU_Mbstatet@@@Z 0000000180018ad4     libucrt:mbrtowc.obj
 0004:00000ae0       $pdata$??$common_lseek_nolock@_J@@YA_JH_JH@Z 0000000180018ae0     libucrt:lseek.obj
 0004:00000aec       $pdata$_putwch_nolock      0000000180018aec     libucrt:putwch.obj
 0004:00000af8       $pdata$_fclose_nolock      0000000180018af8     libucrt:fclose.obj
 0004:00000b04       $pdata$fclose              0000000180018b04     libucrt:fclose.obj
 0004:00000b10       $pdata$?__mbrtoc32_utf8@__crt_mbstring@@YA_KPEA_UPEBD_KPEAU_Mbstatet@@@Z 0000000180018b10     libucrt:mbrtoc32.obj
 0004:00000b28       $pdata$__dcrt_lowio_ensure_console_output_initialized 0000000180018b28     libucrt:initcon.obj
 0004:00000b34       $pdata$__dcrt_terminate_console_output 0000000180018b34     libucrt:initcon.obj
 0004:00000b40       $pdata$__dcrt_write_console 0000000180018b40     libucrt:initcon.obj
 0004:00000b4c       $pdata$??$?RV<lambda_751a882b2c74d4b022dec766aa51a29a>@@AEAV<lambda_628dfdc04ba53c8bfc02c9951375f3f5>@@V<lambda_f6c7be5f7998530c34de24c7437d6b54>@@@?$__crt_seh_guarded_call@H@@QEAAH$$QEAV<lambda_751a882b2c74d4b022dec766aa51a29a>@@AEAV<lambda_628dfdc04ba53c8bfc02c9951375f3f5>@@$$QEAV<lambda_f6c7be5f7998530c34de24c7437d6b54>@@@Z 0000000180018b4c     libucrt:close.obj
 0004:00000b58       $pdata$_close              0000000180018b58     libucrt:close.obj
 0004:00000b64       $pdata$_close_nolock       0000000180018b64     libucrt:close.obj
 0004:00000b70       $pdata$_call_matherr       0000000180018b70     libucrt:libm_error.obj
 0004:00000b7c       $pdata$_exception_enabled  0000000180018b7c     libucrt:libm_error.obj
 0004:00000b88       $pdata$_handle_error       0000000180018b88     libucrt:libm_error.obj
 0004:00000b94       $pdata$__acrt_initialize_fma3 0000000180018b94     libucrt:fma3_available.obj
 0004:00000ba0       $pdata$_log10_special      0000000180018ba0     libucrt:log_special.obj
 0004:00000bac       $pdata$_log_special_common 0000000180018bac     libucrt:log_special.obj
 0004:00000bc4       $pdata$_raise_exc          0000000180018bc4     libucrt:fpexcept.obj
 0004:00000bd0       $pdata$_raise_exc_ex       0000000180018bd0     libucrt:fpexcept.obj
 0004:00000bdc       $pdata$_set_errno_from_matherr 0000000180018bdc     libucrt:fpexcept.obj
 0004:00000be8       $pdata$_clrfp              0000000180018be8     libucrt:fpctrl.obj
 0004:00000bf4       $pdata$_ctrlfp             0000000180018bf4     libucrt:fpctrl.obj
 0004:00000c00       $pdata$_set_statfp         0000000180018c00     libucrt:fpctrl.obj
 0004:00000c0c       $pdata$_statfp             0000000180018c0c     libucrt:fpctrl.obj
 0004:00000c18       $pdata$_IsNonwritableInCurrentImage 0000000180018c18     LIBCMT:pesect.obj
 0004:00000c24       $pdata$__GSHandlerCheck    0000000180018c24     LIBCMT:gshandler.obj
 0004:00000c30       $pdata$__GSHandlerCheckCommon 0000000180018c30     LIBCMT:gshandler.obj
 0004:00000c60       $pdata$?fin$0@?0??dllmain_crt_process_attach@@YAHQEAUHINSTANCE__@@QEAX@Z@4HA 0000000180018c60     LIBCMT:dll_dllmain.obj
 0004:00000c6c       $pdata$?fin$0@?0??dllmain_crt_process_detach@@YAH_N@Z@4HA 0000000180018c6c     LIBCMT:dll_dllmain.obj
 0004:00000c78       $pdata$?filt$0@?0??dllmain_dispatch@@YAHQEAUHINSTANCE__@@KQEAX@Z@4HA 0000000180018c78     LIBCMT:dll_dllmain.obj
 0004:00000c84       $pdata$__scrt_is_nonwritable_in_current_image$filt$0 0000000180018c84     LIBCMT:utility.obj
 0004:00000c90       $pdata$__DestructExceptionObject$filt$0 0000000180018c90     libvcruntime:ehhelpers.obj
 0004:00000c9c       $pdata$_query_new_handler$fin$0 0000000180018c9c     libucrt:new_handler.obj
 0004:00000ca8       $pdata$?fin$0@?0???$?RV<lambda_f2e299630e499de9f9a165e60fcd3db5>@@AEAV<lambda_2ae9d31cdba2644fcbeaf08da7c24588>@@V<lambda_40d01ff24d0e7b3814fdbdcee8eab3c7>@@@?$__crt_seh_guarded_call@X@@QEAAX$$QEAV<lambda_f2e299630e499de9f9a165e60fcd3db5>@@AEAV<lambda_2ae9d31cdba2644fcbeaf08da7c24588>@@$$QEAV<lambda_40d01ff24d0e7b3814fdbdcee8eab3c7>@@@Z@4HA 0000000180018ca8     libucrt:per_thread_data.obj
 0004:00000ca8       $pdata$?fin$0@?0???$?RV<lambda_aa87e3671a710a21b5dc78c0bdf72e11>@@AEAV<lambda_92619d2358a28f41a33ba319515a20b9>@@V<lambda_6992ecaafeb10aed2b74cb1fae11a551>@@@?$__crt_seh_guarded_call@X@@QEAAX$$QEAV<lambda_aa87e3671a710a21b5dc78c0bdf72e11>@@AEAV<lambda_92619d2358a28f41a33ba319515a20b9>@@$$QEAV<lambda_6992ecaafeb10aed2b74cb1fae11a551>@@@Z@4HA 0000000180018ca8     libucrt:per_thread_data.obj
 0004:00000ca8       $pdata$?fin$0@?0???$?RV<lambda_450d765d439847d4c735a33c368b5fc0>@@AEAV<lambda_44731a7d0e6d81c3e6aa82d741081786>@@V<lambda_601a2a7da3b7a96e9554ac7215c4b07c>@@@?$__crt_seh_guarded_call@P6AXH@Z@@QEAAP6AXH@Z$$QEAV<lambda_450d765d439847d4c735a33c368b5fc0>@@AEAV<lambda_44731a7d0e6d81c3e6aa82d741081786>@@$$QEAV<lambda_601a2a7da3b7a96e9554ac7215c4b07c>@@@Z@4HA 0000000180018ca8     libucrt:signal.obj
 0004:00000ca8       $pdata$?fin$0@?0???$?RV<lambda_efdfa57d1f175319df784efa44bb7b81>@@AEAV<lambda_5f0a4c1567f8adc6734073e5d1e1b35c>@@V<lambda_2e8a7d3640ea6ccb4c2413664c2db6fd>@@@?$__crt_seh_guarded_call@X@@QEAAX$$QEAV<lambda_efdfa57d1f175319df784efa44bb7b81>@@AEAV<lambda_5f0a4c1567f8adc6734073e5d1e1b35c>@@$$QEAV<lambda_2e8a7d3640ea6ccb4c2413664c2db6fd>@@@Z@4HA 0000000180018ca8     libucrt:mbctype.obj
 0004:00000ca8       $pdata$?fin$0@?0???$?RV<lambda_d80eeec6fff315bfe5c115232f3240e3>@@AEAV<lambda_6e4b09c48022b2350581041d5f6b0c4c>@@V<lambda_2358e3775559c9db80273638284d5e45>@@@?$__crt_seh_guarded_call@X@@QEAAX$$QEAV<lambda_d80eeec6fff315bfe5c115232f3240e3>@@AEAV<lambda_6e4b09c48022b2350581041d5f6b0c4c>@@$$QEAV<lambda_2358e3775559c9db80273638284d5e45>@@@Z@4HA 0000000180018ca8     libucrt:exit.obj
 0004:00000ca8       $pdata$?fin$0@?0???$?RV<lambda_0ae27a3a962d80f24befdcbee591983d>@@AEAV<lambda_8d0ee55de4b1038c4002e0adecdf1839>@@V<lambda_dc504788e8f1664fe9b84e20bfb512f2>@@@?$__crt_seh_guarded_call@X@@QEAAX$$QEAV<lambda_0ae27a3a962d80f24befdcbee591983d>@@AEAV<lambda_8d0ee55de4b1038c4002e0adecdf1839>@@$$QEAV<lambda_dc504788e8f1664fe9b84e20bfb512f2>@@@Z@4HA 0000000180018ca8     libucrt:per_thread_data.obj
 0004:00000ca8       $pdata$?fin$0@?0???$?RV<lambda_2d41944a1d46af3157314b8a01080d33>@@AEAV<lambda_8f455de75cd7d7f24b4096f044d8b9e6>@@V<lambda_aa500f224e6afead328df44964fe2772>@@@?$__crt_seh_guarded_call@X@@QEAAX$$QEAV<lambda_2d41944a1d46af3157314b8a01080d33>@@AEAV<lambda_8f455de75cd7d7f24b4096f044d8b9e6>@@$$QEAV<lambda_aa500f224e6afead328df44964fe2772>@@@Z@4HA 0000000180018ca8     libucrt:per_thread_data.obj
 0004:00000ca8       $pdata$?fin$0@?0???$?RV<lambda_7777bce6b2f8c936911f934f8298dc43>@@AEAV<lambda_f03950bc5685219e0bcd2087efbe011e>@@V<lambda_3883c3dff614d5e0c5f61bb1ac94921c>@@@?$__crt_seh_guarded_call@H@@QEAAH$$QEAV<lambda_7777bce6b2f8c936911f934f8298dc43>@@AEAV<lambda_f03950bc5685219e0bcd2087efbe011e>@@$$QEAV<lambda_3883c3dff614d5e0c5f61bb1ac94921c>@@@Z@4HA 0000000180018ca8     libucrt:onexit.obj
 0004:00000cb4       $pdata$?filt$0@?0???R<lambda_6e4b09c48022b2350581041d5f6b0c4c>@@QEBA@XZ@4HA 0000000180018cb4     libucrt:exit.obj
 0004:00000cc0       $pdata$?fin$0@?0???$?RV<lambda_410d79af7f07d98d83a3f525b3859a53>@@AEAV<lambda_3e16ef9562a7dcce91392c22ab16ea36>@@V<lambda_38119f0e861e05405d8a144b9b982f0a>@@@?$__crt_seh_guarded_call@X@@QEAAX$$QEAV<lambda_410d79af7f07d98d83a3f525b3859a53>@@AEAV<lambda_3e16ef9562a7dcce91392c22ab16ea36>@@$$QEAV<lambda_38119f0e861e05405d8a144b9b982f0a>@@@Z@4HA 0000000180018cc0     libucrt:wsetlocale.obj
 0004:00000ccc       $pdata$?fin$0@?0??update_thread_multibyte_data_internal@@YAPEAU__crt_multibyte_data@@QEAU__acrt_ptd@@QEAPEAU1@@Z@4HA 0000000180018ccc     libucrt:mbctype.obj
 0004:00000cd8       $pdata$__acrt_initialize_lowio$fin$0 0000000180018cd8     libucrt:ioinit.obj
 0004:00000cd8       $pdata$__acrt_lowio_ensure_fh_exists$fin$0 0000000180018cd8     libucrt:osfinfo.obj
 0004:00000ce4       $pdata$raise$fin$0         0000000180018ce4     libucrt:signal.obj
 0004:00000cf0       $pdata$?fin$0@?0???$?RV<lambda_842d9ff0dc9ef11c61343bbaebe7f885>@@AEAV<lambda_c5860995281e5c4ce005b3de8f5874ee>@@V<lambda_d90129c13df834fdcbf8d2b88dafcf2d>@@@?$__crt_seh_guarded_call@X@@QEAAX$$QEAV<lambda_842d9ff0dc9ef11c61343bbaebe7f885>@@AEAV<lambda_c5860995281e5c4ce005b3de8f5874ee>@@$$QEAV<lambda_d90129c13df834fdcbf8d2b88dafcf2d>@@@Z@4HA 0000000180018cf0     libucrt:fflush.obj
 0004:00000cfc       $pdata$?fin$0@?0???$?RV<lambda_886d6c58226a84441f68b9f2b8217b83>@@AEAV<lambda_ab61a845afdef5b7c387490eaf3616ee>@@V<lambda_f7f22ab5edc0698d5f6905b0d3f44752>@@@?$__crt_seh_guarded_call@X@@QEAAX$$QEAV<lambda_886d6c58226a84441f68b9f2b8217b83>@@AEAV<lambda_ab61a845afdef5b7c387490eaf3616ee>@@$$QEAV<lambda_f7f22ab5edc0698d5f6905b0d3f44752>@@@Z@4HA 0000000180018cfc     libucrt:fflush.obj
 0004:00000d08       $pdata$__acrt_update_thread_locale_data$fin$0 0000000180018d08     libucrt:locale_refcounting.obj
 0004:00000d14       $pdata$?fin$0@?0???$?RV<lambda_751a882b2c74d4b022dec766aa51a29a>@@AEAV<lambda_628dfdc04ba53c8bfc02c9951375f3f5>@@V<lambda_f6c7be5f7998530c34de24c7437d6b54>@@@?$__crt_seh_guarded_call@H@@QEAAH$$QEAV<lambda_751a882b2c74d4b022dec766aa51a29a>@@AEAV<lambda_628dfdc04ba53c8bfc02c9951375f3f5>@@$$QEAV<lambda_f6c7be5f7998530c34de24c7437d6b54>@@@Z@4HA 0000000180018d14     libucrt:close.obj
 0004:00000d14       $pdata$?fin$0@?0???$?RV<lambda_a37b2b86f63e897a80ea819b0eb08c01>@@AEAV<lambda_38ce7e780aa69e748d6df282ebc68efe>@@V<lambda_99fb1378e971ab6e7edea83e3a7a83a2>@@@?$__crt_seh_guarded_call@H@@QEAAH$$QEAV<lambda_a37b2b86f63e897a80ea819b0eb08c01>@@AEAV<lambda_38ce7e780aa69e748d6df282ebc68efe>@@$$QEAV<lambda_99fb1378e971ab6e7edea83e3a7a83a2>@@@Z@4HA 0000000180018d14     libucrt:commit.obj
 0004:00000d20       $pdata$_write$fin$0        0000000180018d20     libucrt:write.obj
 0004:00000d2c       $pdata$_fcloseall$fin$0    0000000180018d2c     libucrt:closeall.obj
 0004:00000d38       $pdata$fclose$fin$0        0000000180018d38     libucrt:fclose.obj
 0004:00000d44       $pdata$_ctrlfp$filt$0      0000000180018d44     libucrt:fpctrl.obj
 0004:00000d50       $pdata$_IsNonwritableInCurrentImage$filt$0 0000000180018d50     LIBCMT:pesect.obj
 0005:00000060       $R000000                   0000000180019060     * linker generated manifest res *

 Exports

  ordinal    name

